========================================================================
[2026-09-21 22:36:03] 
========================================================================
资产池: 2141 只 | 2604 天 | 2016-01-04 ~ 2026-09-18

========================================================================
[2026-09-21 22:36:08] Search Space
========================================================================
{'nondomin__min_n_assets': {'low': 5, 'high': 55, 'step': 5}, 'nondomin__threshold': {'low': -0.5, 'high': -0.3, 'step': 0.1}, 'correlate__threshold': {'low': 0.1, 'high': 0.5, 'step': 0.1}, 'extremes__k': {'low': 0.1, 'high': 0.6, 'step': 0.1}, 'nondomin__fitness_measures': ['mean-variance-kurt', 'mean-variance-maxdd-kurt', 'mean-variance-avgdd-kurt', 'mean-semideviation-avgdd', 'mean-mad-maxdd-kurt', 'mean-mad-avgdd-kurt', 'mean-mad-maxdd-cvar-kurt', 'mean-mad-maxdd-cvar-sharpe', 'mean-mad-avgdd-cvar-kurt', 'mean-mad-avgdd-cvar-sharpe'], 'train_size': {'low': 252, 'high': 756, 'step': 252}}

========================================================================
[2026-09-21 22:36:29] Parameter Space
========================================================================
{'test_size': 252, 'train_size': 1008, 'n_test_folds': 2, 'n_jobs': 4, 'cv_n_jobs': 10, 'n_trials': 2000, 'patience': 200, 'sampler': 'tpe', 'min_delta': 0.0001, 'seed': 42, 'inner_purged_size': 2, 'inner_embargo_size': 2, 'candidate_mode': 'all', 'top_k': 50, 'S': 16, 'verbose': True}

========================================================================
[2026-09-21 23:05:55] CSCV PBO 诊断
========================================================================
================================================================
       CSCV PBO 诊断（标准版：单次搜索 + 静态参数族）
================================================================
  搜索：trials=2000 | sampler=tpe | 候选 all = 111 | 搜索段 1008 天
  收益流：111 参数 x 6 块 x 252 天 = 1512 天
  评估区：2020-02-27 00:00:00+08:00 ~ 2026-05-25 00:00:00+08:00
  CSCV：S=16 块（每块 94 天）| 组合数 C(16,8) = 12870
  PBO = freq(lambda<=0) = 48.5%（6240/12870）
  lambda 分位：5%=-2.56 | 50%=+0.07 | 95%=+2.32
  IS 冠军多样性：36/111 个不同候选被选为冠军
  解读：PBO 越接近 0 排名传递性越好；>50% 严重预警（IS 最优比随机挑还不可信）
================================================================

========================================================================
[2026-09-21 23:22:59] Search Space
========================================================================
{'nondomin__min_n_assets': {'low': 5, 'high': 55, 'step': 5}, 'nondomin__threshold': {'low': -0.5, 'high': -0.3, 'step': 0.1}, 'correlate__threshold': {'low': 0.1, 'high': 0.5, 'step': 0.1}, 'extremes__k': {'low': 0.9, 'high': 0.9, 'step': 0.1}, 'nondomin__fitness_measures': ['mean-variance-kurt', 'mean-variance-maxdd-kurt', 'mean-variance-avgdd-kurt', 'mean-semideviation-avgdd', 'mean-mad-maxdd-kurt', 'mean-mad-avgdd-kurt', 'mean-mad-maxdd-cvar-kurt', 'mean-mad-maxdd-cvar-sharpe', 'mean-mad-avgdd-cvar-kurt', 'mean-mad-avgdd-cvar-sharpe'], 'train_size': {'low': 252, 'high': 756, 'step': 252}}

========================================================================
[2026-09-21 23:23:05] Parameter Space
========================================================================
{'test_size': 252, 'train_size': 1008, 'n_test_folds': 2, 'n_jobs': 4, 'cv_n_jobs': 10, 'n_trials': 2000, 'patience': 200, 'sampler': 'tpe', 'min_delta': 0.0001, 'seed': 42, 'inner_purged_size': 2, 'inner_embargo_size': 2, 'candidate_mode': 'all', 'top_k': 50, 'S': 16, 'verbose': True}

========================================================================
[2026-09-21 23:48:18] CSCV PBO 诊断
========================================================================
================================================================
       CSCV PBO 诊断（标准版：单次搜索 + 静态参数族）
================================================================
  搜索：trials=2000 | sampler=tpe | 候选 all = 85 | 搜索段 1008 天
  收益流：85 参数 x 6 块 x 252 天 = 1512 天
  评估区：2020-02-27 00:00:00+08:00 ~ 2026-05-25 00:00:00+08:00
  CSCV：S=16 块（每块 94 天）| 组合数 C(16,8) = 12870
  PBO = freq(lambda<=0) = 18.9%（2437/12870）
  lambda 分位：5%=-1.92 | 50%=+1.73 | 95%=+4.44
  IS 冠军多样性：32/85 个不同候选被选为冠军
  解读：PBO 越接近 0 排名传递性越好；>50% 严重预警（IS 最优比随机挑还不可信）
================================================================

========================================================================
[2026-09-21 23:51:40] Search Space
========================================================================
{'nondomin__min_n_assets': {'low': 5, 'high': 55, 'step': 5}, 'nondomin__threshold': {'low': -0.5, 'high': -0.3, 'step': 0.1}, 'correlate__threshold': {'low': 0.9, 'high': 0.9, 'step': 0.1}, 'extremes__k': {'low': 0.1, 'high': 0.6, 'step': 0.1}, 'nondomin__fitness_measures': ['mean-variance-kurt', 'mean-variance-maxdd-kurt', 'mean-variance-avgdd-kurt', 'mean-semideviation-avgdd', 'mean-mad-maxdd-kurt', 'mean-mad-avgdd-kurt', 'mean-mad-maxdd-cvar-kurt', 'mean-mad-maxdd-cvar-sharpe', 'mean-mad-avgdd-cvar-kurt', 'mean-mad-avgdd-cvar-sharpe'], 'train_size': {'low': 252, 'high': 756, 'step': 252}}

========================================================================
[2026-09-21 23:51:48] Parameter Space
========================================================================
{'test_size': 252, 'train_size': 1008, 'n_test_folds': 2, 'n_jobs': 4, 'cv_n_jobs': 10, 'n_trials': 2000, 'patience': 200, 'sampler': 'tpe', 'min_delta': 0.0001, 'seed': 42, 'inner_purged_size': 2, 'inner_embargo_size': 2, 'candidate_mode': 'all', 'top_k': 50, 'S': 16, 'verbose': True}

========================================================================
[2026-09-22 00:01:07] CSCV PBO 诊断
========================================================================
================================================================
       CSCV PBO 诊断（标准版：单次搜索 + 静态参数族）
================================================================
  搜索：trials=2000 | sampler=tpe | 候选 all = 92 | 搜索段 1008 天
  收益流：92 参数 x 6 块 x 252 天 = 1512 天
  评估区：2020-02-27 00:00:00+08:00 ~ 2026-05-25 00:00:00+08:00
  CSCV：S=16 块（每块 94 天）| 组合数 C(16,8) = 12870
  PBO = freq(lambda<=0) = 19.0%（2445/12870）
  lambda 分位：5%=-1.73 | 50%=+1.57 | 95%=+4.52
  IS 冠军多样性：29/92 个不同候选被选为冠军
  解读：PBO 越接近 0 排名传递性越好；>50% 严重预警（IS 最优比随机挑还不可信）
================================================================

========================================================================
[2026-09-22 00:03:14] Search Space
========================================================================
{'nondomin__min_n_assets': {'low': 5, 'high': 55, 'step': 5}, 'nondomin__threshold': {'low': -0.5, 'high': -0.3, 'step': 0.1}, 'correlate__threshold': {'low': 0.9, 'high': 0.9, 'step': 0.1}, 'extremes__k': {'low': 0.9, 'high': 0.9, 'step': 0.1}, 'nondomin__fitness_measures': ['mean-variance-kurt', 'mean-variance-maxdd-kurt', 'mean-variance-avgdd-kurt', 'mean-semideviation-avgdd', 'mean-mad-maxdd-kurt', 'mean-mad-avgdd-kurt', 'mean-mad-maxdd-cvar-kurt', 'mean-mad-maxdd-cvar-sharpe', 'mean-mad-avgdd-cvar-kurt', 'mean-mad-avgdd-cvar-sharpe'], 'train_size': {'low': 252, 'high': 756, 'step': 252}}

========================================================================
[2026-09-22 00:03:17] Parameter Space
========================================================================
{'test_size': 252, 'train_size': 1008, 'n_test_folds': 2, 'n_jobs': 4, 'cv_n_jobs': 10, 'n_trials': 2000, 'patience': 200, 'sampler': 'tpe', 'min_delta': 0.0001, 'seed': 42, 'inner_purged_size': 2, 'inner_embargo_size': 2, 'candidate_mode': 'all', 'top_k': 50, 'S': 16, 'verbose': True}

========================================================================
[2026-09-22 00:33:32] CSCV PBO 诊断
========================================================================
================================================================
       CSCV PBO 诊断（标准版：单次搜索 + 静态参数族）
================================================================
  搜索：trials=2000 | sampler=tpe | 候选 all = 99 | 搜索段 1008 天
  收益流：99 参数 x 6 块 x 252 天 = 1512 天
  评估区：2020-02-27 00:00:00+08:00 ~ 2026-05-25 00:00:00+08:00
  CSCV：S=16 块（每块 94 天）| 组合数 C(16,8) = 12870
  PBO = freq(lambda<=0) = 13.5%（1739/12870）
  lambda 分位：5%=-1.45 | 50%=+2.31 | 95%=+4.60
  IS 冠军多样性：21/99 个不同候选被选为冠军
  解读：PBO 越接近 0 排名传递性越好；>50% 严重预警（IS 最优比随机挑还不可信）
================================================================


========================================================================
[2026-09-22 00:54:19] Search Space
========================================================================
{'nondomin__min_n_assets': {'low': 5, 'high': 55, 'step': 5}, 'nondomin__threshold': {'low': -0.5, 'high': -0.3, 'step': 0.1}, 'correlate__threshold': {'low': 0.95, 'high': 0.95, 'step': 0.1}, 'extremes__k': {'low': 0.95, 'high': 0.95, 'step': 0.1}, 'nondomin__fitness_measures': ['mean-variance-kurt', 'mean-variance-maxdd-kurt', 'mean-variance-avgdd-kurt', 'mean-semideviation-avgdd', 'mean-mad-maxdd-kurt', 'mean-mad-avgdd-kurt', 'mean-mad-maxdd-cvar-kurt', 'mean-mad-maxdd-cvar-sharpe', 'mean-mad-avgdd-cvar-kurt', 'mean-mad-avgdd-cvar-sharpe'], 'train_size': {'low': 252, 'high': 756, 'step': 252}}

========================================================================
[2026-09-22 00:54:21] Parameter Space
========================================================================
{'test_size': 252, 'train_size': 1008, 'n_test_folds': 2, 'n_jobs': 4, 'cv_n_jobs': 8, 'n_trials': 2000, 'patience': 200, 'sampler': 'tpe', 'min_delta': 0.0001, 'seed': 42, 'inner_purged_size': 2, 'inner_embargo_size': 2, 'candidate_mode': 'all', 'top_k': 50, 'S': 16, 'verbose': True}

========================================================================
[2026-09-22 01:14:28] CSCV PBO 诊断
========================================================================
================================================================
       CSCV PBO 诊断（标准版：单次搜索 + 静态参数族）
================================================================
  搜索：trials=2000 | sampler=tpe | 候选 all = 72 | 搜索段 1008 天
  收益流：72 参数 x 6 块 x 252 天 = 1512 天
  评估区：2020-02-27 00:00:00+08:00 ~ 2026-05-25 00:00:00+08:00
  CSCV：S=16 块（每块 94 天）| 组合数 C(16,8) = 12870
  PBO = freq(lambda<=0) = 17.9%（2304/12870）
  lambda 分位：5%=-2.72 | 50%=+1.96 | 95%=+3.57
  IS 冠军多样性：19/72 个不同候选被选为冠军
  解读：PBO 越接近 0 排名传递性越好；>50% 严重预警（IS 最优比随机挑还不可信）
================================================================

========================================================================
[2026-09-22 01:17:26] Search Space
========================================================================
{'nondomin__min_n_assets': {'low': 5, 'high': 55, 'step': 5}, 'nondomin__threshold': {'low': -0.5, 'high': -0.3, 'step': 0.1}, 'correlate__threshold': {'low': 0.1, 'high': 0.9, 'step': 0.1}, 'extremes__k': {'low': 0.1, 'high': 0.9, 'step': 0.1}, 'nondomin__fitness_measures': ['mean-variance-kurt', 'mean-variance-maxdd-kurt', 'mean-variance-avgdd-kurt', 'mean-semideviation-avgdd', 'mean-mad-maxdd-kurt', 'mean-mad-avgdd-kurt', 'mean-mad-maxdd-cvar-kurt', 'mean-mad-maxdd-cvar-sharpe', 'mean-mad-avgdd-cvar-kurt', 'mean-mad-avgdd-cvar-sharpe'], 'train_size': {'low': 252, 'high': 756, 'step': 252}}

========================================================================
[2026-09-22 01:17:30] Parameter Space
========================================================================
{'test_size': 252, 'train_size': 1008, 'n_test_folds': 2, 'n_jobs': 4, 'cv_n_jobs': 8, 'n_trials': 2000, 'patience': 200, 'sampler': 'tpe', 'min_delta': 0.0001, 'seed': 42, 'inner_purged_size': 2, 'inner_embargo_size': 2, 'candidate_mode': 'all', 'top_k': 50, 'S': 16, 'verbose': True}

========================================================================
[2026-09-22 01:27:33] CSCV PBO 诊断
========================================================================
================================================================
       CSCV PBO 诊断（标准版：单次搜索 + 静态参数族）
================================================================
  搜索：trials=2000 | sampler=tpe | 候选 all = 105 | 搜索段 1008 天
  收益流：105 参数 x 6 块 x 252 天 = 1512 天
  评估区：2020-02-27 00:00:00+08:00 ~ 2026-05-25 00:00:00+08:00
  CSCV：S=16 块（每块 94 天）| 组合数 C(16,8) = 12870
  PBO = freq(lambda<=0) = 11.3%（1458/12870）
  lambda 分位：5%=-0.79 | 50%=+1.97 | 95%=+3.95
  IS 冠军多样性：32/105 个不同候选被选为冠军
  解读：PBO 越接近 0 排名传递性越好；>50% 严重预警（IS 最优比随机挑还不可信）
================================================================


========================================================================
[2026-09-23 17:39:52] Search Space
========================================================================
{'nondomin__min_n_assets': {'low': 5, 'high': 55, 'step': 10}, 'nondomin__threshold': {'low': -0.5, 'high': -0.3, 'step': 0.1}, 'correlate__threshold': {'low': 0.1, 'high': 0.9, 'step': 0.4}, 'extremes__k': {'low': 0.1, 'high': 0.9, 'step': 0.4}, 'nondomin__fitness_measures': ['mean-variance-kurt', 'mean-variance-maxdd-kurt', 'mean-variance-avgdd-kurt', 'mean-semideviation-avgdd', 'mean-mad-maxdd-kurt', 'mean-mad-avgdd-kurt', 'mean-mad-maxdd-cvar-kurt', 'mean-mad-maxdd-cvar-sharpe', 'mean-mad-avgdd-cvar-kurt', 'mean-mad-avgdd-cvar-sharpe'], 'train_size': {'low': 252, 'high': 756, 'step': 252}}

========================================================================
[2026-09-23 17:40:09] Parameter Space
========================================================================
{'test_size': 252, 'train_size': 1008, 'n_test_folds': 2, 'n_jobs': 4, 'cv_n_jobs': 10, 'n_trials': 5000, 'patience': 200, 'sampler': 'random', 'min_delta': 0.0001, 'seed': 24, 'inner_purged_size': 2, 'inner_embargo_size': 2, 'candidate_mode': 'all', 'top_k': 50, 'S': 16, 'verbose': True}

========================================================================
[2026-09-23 17:40:05] CSCV PBO 诊断
========================================================================
================================================================
       CSCV PBO 诊断（标准版：单次搜索 + 静态参数族）
================================================================
  搜索：trials=5000 | sampler=random | 候选 all = 3096 | 搜索段 1008 天
  收益流：3096 参数 x 6 块 x 252 天 = 1512 天
  评估区：2020-02-27 00:00:00+08:00 ~ 2026-05-25 00:00:00+08:00
  CSCV：S=16 块（每块 94 天）| 组合数 C(16,8) = 12870
  PBO = freq(lambda<=0) = 12.1%（1558/12870）
  lambda 分位：5%=-1.21 | 50%=+1.97 | 95%=+5.17
  IS 冠军多样性：122/3096 个不同候选被选为冠军
  解读：PBO 越接近 0 排名传递性越好；>50% 严重预警（IS 最优比随机挑还不可信）
================================================================

========================================================================
[2026-09-23 17:42:01] 实验3 主力闭环核验
========================================================================
[数据来源] 零重算 | 候选 N=3096 x 评估区 T=1512 天 | 对称组合 12870 个 | S=16
[top3 定位(夺冠次数 | 参数)]
  2750  {'nondomin__min_n_assets': 55, 'nondomin__threshold': -0.4, 'correlate__threshold': 0.1, 'extremes__k': 0.9, 'nondomin__fitness_measures': 'mean-variance-avgdd-kurt', 'train_size': 504}
  1281  {'nondomin__min_n_assets': 25, 'nondomin__threshold': -0.3, 'correlate__threshold': 0.1, 'extremes__k': 0.5, 'nondomin__fitness_measures': 'mean-mad-maxdd-cvar-sharpe', 'train_size': 252}
  1262  {'nondomin__min_n_assets': 45, 'nondomin__threshold': -0.5, 'correlate__threshold': 0.1, 'extremes__k': 0.9, 'nondomin__fitness_measures': 'mean-variance-kurt', 'train_size': 504}

[评估区整体指标(1512 天,复利口径)]
            年化收益    年化波动  Sharpe    最大回撤     日胜率
cand2264  0.1131  0.0730  1.5056 -0.1103  0.5529
cand1966  0.0977  0.0777  1.2401 -0.1221  0.5939
cand798   0.1235  0.0793  1.5084 -0.1148  0.5489
全体-中位     0.0492  0.1074  0.5297 -0.2234  0.5225
全体-95分位   0.0958  0.1767  0.9377 -0.0970  0.5529

[当选组合口径 | Sharpe 为日频未年化;OOS 分位 = omega 排名分位(越高越靠前)]
  cand2264: 当选  2750 次( 21.4%) | IS-Sharpe 中位  +0.11 | OOS-Sharpe 中位  +0.07 | OOS 分位中位 97.9% | 掉后半占比  0.0%
  cand1966: 当选  1281 次( 10.0%) | IS-Sharpe 中位  +0.10 | OOS-Sharpe 中位  +0.06 | OOS 分位中位 83.0% | 掉后半占比  2.7%
  cand 798: 当选  1262 次(  9.8%) | IS-Sharpe 中位  +0.12 | OOS-Sharpe 中位  +0.06 | OOS 分位中位 98.0% | 掉后半占比  0.1%
  汇总: top3 合计份额 41.1% | top3 加权贡献 lambda<=0 频率 0.3% | 全组合 PBO 12.1%

========================================================================
[2026-09-23 17:43:52] Search Space
========================================================================
{'nondomin__min_n_assets': {'low': 5, 'high': 55, 'step': 10}, 'nondomin__threshold': {'low': -0.5, 'high': -0.3, 'step': 0.1}, 'correlate__threshold': {'low': 0.1, 'high': 0.9, 'step': 0.4}, 'extremes__k': {'low': 0.1, 'high': 0.9, 'step': 0.4}, 'nondomin__fitness_measures': ['mean-variance-kurt', 'mean-variance-maxdd-kurt', 'mean-variance-avgdd-kurt', 'mean-semideviation-avgdd', 'mean-mad-maxdd-kurt', 'mean-mad-avgdd-kurt', 'mean-mad-maxdd-cvar-kurt', 'mean-mad-maxdd-cvar-sharpe', 'mean-mad-avgdd-cvar-kurt', 'mean-mad-avgdd-cvar-sharpe'], 'train_size': {'low': 252, 'high': 756, 'step': 252}}

========================================================================
[2026-09-23 17:44:09] Parameter Space
========================================================================
{'test_size': 252, 'train_size': 1008, 'n_test_folds': 2, 'n_jobs': 4, 'cv_n_jobs': 10, 'n_trials': 500, 'patience': 200, 'sampler': 'random', 'min_delta': 0.0001, 'seed': 24, 'inner_purged_size': 2, 'inner_embargo_size': 2, 'candidate_mode': 'all', 'top_k': 50, 'S': 16, 'verbose': True}

========================================================================
[2026-09-23 18:33:45] CSCV PBO 诊断
========================================================================
================================================================
       CSCV PBO 诊断（标准版：单次搜索 + 静态参数族）
================================================================
  搜索：trials=500 | sampler=random | 候选 all = 475 | 搜索段 1008 天
  收益流：475 参数 x 6 块 x 252 天 = 1512 天
  评估区：2020-02-27 00:00:00+08:00 ~ 2026-05-25 00:00:00+08:00
  CSCV：S=16 块（每块 94 天）| 组合数 C(16,8) = 12870
  PBO = freq(lambda<=0) = 34.9%（4498/12870）
  lambda 分位：5%=-2.34 | 50%=+0.67 | 95%=+3.08
  IS 冠军多样性：76/475 个不同候选被选为冠军
  解读：PBO 越接近 0 排名传递性越好；>50% 严重预警（IS 最优比随机挑还不可信）
================================================================

========================================================================
[2026-09-23 18:34:40] 实验3 主力闭环核验
========================================================================
[数据来源] 零重算 | 候选 N=475 x 评估区 T=1512 天 | 对称组合 12870 个 | S=16
[top3 定位(夺冠次数 | 参数)]
  3685  {'nondomin__min_n_assets': 35, 'nondomin__threshold': -0.5, 'correlate__threshold': 0.1, 'extremes__k': 0.9, 'nondomin__fitness_measures': 'mean-variance-kurt', 'train_size': 252}
  1080  {'nondomin__min_n_assets': 55, 'nondomin__threshold': -0.3, 'correlate__threshold': 0.1, 'extremes__k': 0.5, 'nondomin__fitness_measures': 'mean-variance-kurt', 'train_size': 504}
  907  {'nondomin__min_n_assets': 45, 'nondomin__threshold': -0.3, 'correlate__threshold': 0.1, 'extremes__k': 0.5, 'nondomin__fitness_measures': 'mean-mad-avgdd-cvar-sharpe', 'train_size': 252}

[评估区整体指标(1512 天,复利口径)]
           年化收益    年化波动  Sharpe    最大回撤     日胜率
cand224  0.1443  0.1068  1.3158 -0.0991  0.5595
cand355  0.1159  0.1103  1.0495 -0.1506  0.5450
cand146  0.0973  0.0884  1.0951 -0.1221  0.5966
全体-中位    0.0500  0.1062  0.5440 -0.2218  0.5231
全体-95分位  0.0984  0.1724  0.9376 -0.0973  0.5562

[当选组合口径 | Sharpe 为日频未年化;OOS 分位 = omega 排名分位(越高越靠前)]
  cand 224: 当选  3685 次( 28.6%) | IS-Sharpe 中位  +0.10 | OOS-Sharpe 中位  +0.07 | OOS 分位中位 90.8% | 掉后半占比  1.5%
  cand 355: 当选  1080 次(  8.4%) | IS-Sharpe 中位  +0.11 | OOS-Sharpe 中位  +0.03 | OOS 分位中位 38.9% | 掉后半占比 62.4%
  cand 146: 当选   907 次(  7.0%) | IS-Sharpe 中位  +0.09 | OOS-Sharpe 中位  +0.05 | OOS 分位中位 69.1% | 掉后半占比 15.0%
  汇总: top3 合计份额 44.1% | top3 加权贡献 lambda<=0 频率 6.7% | 全组合 PBO 34.9%

========================================================================
[2026-09-23 18:42:52] Search Space
========================================================================
{'nondomin__min_n_assets': {'low': 5, 'high': 55, 'step': 10}, 'nondomin__threshold': {'low': -0.5, 'high': -0.3, 'step': 0.1}, 'correlate__threshold': {'low': 0.1, 'high': 0.9, 'step': 0.4}, 'extremes__k': {'low': 0.1, 'high': 0.9, 'step': 0.4}, 'nondomin__fitness_measures': ['mean-variance-kurt', 'mean-variance-maxdd-kurt', 'mean-variance-avgdd-kurt', 'mean-semideviation-avgdd', 'mean-mad-maxdd-kurt', 'mean-mad-avgdd-kurt', 'mean-mad-maxdd-cvar-kurt', 'mean-mad-maxdd-cvar-sharpe', 'mean-mad-avgdd-cvar-kurt', 'mean-mad-avgdd-cvar-sharpe'], 'train_size': {'low': 252, 'high': 756, 'step': 252}}

========================================================================
[2026-09-23 18:43:05] Parameter Space
========================================================================
{'test_size': 252, 'train_size': 1008, 'n_test_folds': 2, 'n_jobs': 4, 'cv_n_jobs': 10, 'n_trials': 5000, 'patience': 200, 'sampler': 'random', 'min_delta': 0.0001, 'seed': 24, 'inner_purged_size': 2, 'inner_embargo_size': 2, 'candidate_mode': 'all', 'top_k': 50, 'S': 16, 'verbose': True}

========================================================================
[2026-09-24 09:27:01] CSCV PBO 诊断
========================================================================
================================================================
       CSCV PBO 诊断（标准版：单次搜索 + 静态参数族）
================================================================
  搜索：trials=5000 | sampler=random | 候选 all = 3086 | 搜索段 1008 天
  收益流：3086 参数 x 6 块 x 252 天 = 1512 天
  评估区：2020-02-27 00:00:00+08:00 ~ 2026-05-25 00:00:00+08:00
  CSCV：S=16 块（每块 94 天）| 组合数 C(16,8) = 12870
  PBO = freq(lambda<=0) = 13.4%（1720/12870）
  lambda 分位：5%=-1.28 | 50%=+2.05 | 95%=+5.32
  IS 冠军多样性：124/3086 个不同候选被选为冠军
  解读：PBO 越接近 0 排名传递性越好；>50% 严重预警（IS 最优比随机挑还不可信）
================================================================

========================================================================
[2026-09-24 09:39:14] 实验3 主力闭环核验
========================================================================
[数据来源] 零重算 | 候选 N=3086 x 评估区 T=1512 天 | 对称组合 12870 个 | S=16
[top3 定位(夺冠次数 | 参数)]
  2915  {'nondomin__min_n_assets': 55, 'nondomin__threshold': -0.4, 'correlate__threshold': 0.1, 'extremes__k': 0.9, 'nondomin__fitness_measures': 'mean-variance-avgdd-kurt', 'train_size': 504}
  1979  {'nondomin__min_n_assets': 45, 'nondomin__threshold': -0.5, 'correlate__threshold': 0.1, 'extremes__k': 0.9, 'nondomin__fitness_measures': 'mean-variance-kurt', 'train_size': 504}
  1389  {'nondomin__min_n_assets': 25, 'nondomin__threshold': -0.3, 'correlate__threshold': 0.1, 'extremes__k': 0.5, 'nondomin__fitness_measures': 'mean-mad-maxdd-cvar-sharpe', 'train_size': 252}

[评估区整体指标(1512 天,复利口径)]
            年化收益    年化波动  Sharpe    最大回撤     日胜率
cand2351  0.1131  0.0730  1.5056 -0.1103  0.5529
cand1000  0.1235  0.0793  1.5084 -0.1148  0.5489
cand1277  0.0977  0.0777  1.2401 -0.1221  0.5939
全体-中位     0.0484  0.1089  0.5197 -0.2275  0.5218
全体-95分位   0.0951  0.1780  0.9313 -0.1009  0.5522

[当选组合口径 | Sharpe 为日频未年化;OOS 分位 = omega 排名分位(越高越靠前)]
  cand2351: 当选  2915 次( 22.6%) | IS-Sharpe 中位  +0.11 | OOS-Sharpe 中位  +0.07 | OOS 分位中位 97.9% | 掉后半占比  0.0%
  cand1000: 当选  1979 次( 15.4%) | IS-Sharpe 中位  +0.12 | OOS-Sharpe 中位  +0.06 | OOS 分位中位 97.9% | 掉后半占比  0.2%
  cand1277: 当选  1389 次( 10.8%) | IS-Sharpe 中位  +0.10 | OOS-Sharpe 中位  +0.06 | OOS 分位中位 83.0% | 掉后半占比  2.2%
  汇总: top3 合计份额 48.8% | top3 加权贡献 lambda<=0 频率 0.3% | 全组合 PBO 13.4%


========================================================================
[2026-09-27 14:42:12] Search Space
========================================================================
{'nondomin__min_n_assets': {'low': 5, 'high': 55, 'step': 10}, 'nondomin__threshold': {'low': -0.5, 'high': -0.3, 'step': 0.1}, 'correlate__threshold': {'low': 0.1, 'high': 0.9, 'step': 0.4}, 'extremes__k': {'low': 0.1, 'high': 0.9, 'step': 0.4}, 'nondomin__fitness_measures': ['mean-variance-avgdd-kurt'], 'train_size': {'low': 252, 'high': 756, 'step': 252}}

========================================================================
[2026-09-27 15:36:20] CSCV PBO 诊断
========================================================================
==================================================================
   CSCV PBO 诊断 v3（空间枚举 N 次执行 + 四种分析，论文 3.1-3.3）
==================================================================
  候选集：参数空间网格 N = 486（6 维，无搜索层）
    - nondomin__min_n_assets: 5~55 step 10
    - nondomin__threshold: -0.5~-0.3 step 0.1
    - correlate__threshold: 0.1~0.9 step 0.4
    - extremes__k: 0.1~0.9 step 0.4
    - nondomin__fitness_measures: choice x1
    - train_size: 252~756 step 252
  收益流：486 参数 x 7 块 x 252 天 = 1764 天 | 公共起点第 756 天（冗余 max(train_size) = 756 天）
  评估区：2019-02-14 00:00:00+08:00 ~ 2026-05-25 00:00:00+08:00
  CSCV：S=16 块（每块 110 天）| 组合数 C(16,8) = 12870
  ---------- 四种分析 ----------
  [1] PBO = freq(lambda<=0) = 11.9%（1530/12870）| lambda 5/50/95 分位 = -0.94/+3.56/+5.78 | 冠军多样性 38/486
  [2] 性能退化：SR_OOS = +0.134 -0.593 x SR_IS（Spearman -0.425）| 可达 OOS 区间 P10/50/90 = +0.04/+0.08/+0.11
  [3] 亏损概率：Prob[SR_OOS(IS 冠军) < 0] = 0.7%
  [4] 随机占优：FSD = 否（CDF 最大反超 +0.0000）| SD2 min = +0.0000 -> 仅二阶占优（风险厌恶下优于随机选择）
  解读：PBO 越接近 0 排名传递性越好（论文惯例阈值 5%）；≈50% 表示选择与随机无异；
        亏损概率与 PBO 独立——PBO 低而亏损概率高说明 OOS 乏力且非过拟合所致；
        斜率显著为负 + FSD/SD2 均不成立 = 过拟合的典型证据。
==================================================================

========================================================================
[2026-09-27 15:43:14] 实验3 主力闭环核验
========================================================================
[数据来源] 零重算 | 候选 N=486 x 评估区 T=1764 天 | 对称组合 12870 个 | S=16
[top3 定位(夺冠次数 | 参数)]
  7556  {'nondomin__min_n_assets': 55, 'nondomin__threshold': -0.5, 'correlate__threshold': 0.1, 'extremes__k': 0.9, 'nondomin__fitness_measures': 'mean-variance-avgdd-kurt', 'train_size': 504}
  1498  {'nondomin__min_n_assets': 45, 'nondomin__threshold': -0.5, 'correlate__threshold': 0.1, 'extremes__k': 0.9, 'nondomin__fitness_measures': 'mean-variance-avgdd-kurt', 'train_size': 504}
  754  {'nondomin__min_n_assets': 55, 'nondomin__threshold': -0.4, 'correlate__threshold': 0.1, 'extremes__k': 0.5, 'nondomin__fitness_measures': 'mean-variance-avgdd-kurt', 'train_size': 252}

[评估区整体指标(1512 天,复利口径)]
           年化收益    年化波动  Sharpe    最大回撤     日胜率
cand412  0.1154  0.0713  1.5677 -0.1103  0.5522
cand331  0.0911  0.0664  1.3476 -0.0992  0.5584
cand435  0.1036  0.0903  1.1368 -0.1149  0.5402
全体-中位    0.0651  0.1114  0.6541 -0.2484  0.5266
全体-95分位  0.1029  0.1709  1.1068 -0.1026  0.5522

[当选组合口径 | Sharpe 为日频未年化;OOS 分位 = omega 排名分位(越高越靠前)]
  cand 412: 当选  7556 次( 58.7%) | IS-Sharpe 中位  +0.11 | OOS-Sharpe 中位  +0.09 | OOS 分位中位 99.3% | 掉后半占比  0.0%
  cand 331: 当选  1498 次( 11.6%) | IS-Sharpe 中位  +0.09 | OOS-Sharpe 中位  +0.08 | OOS 分位中位 88.9% | 掉后半占比  0.7%
  cand 435: 当选   754 次(  5.9%) | IS-Sharpe 中位  +0.09 | OOS-Sharpe 中位  +0.06 | OOS 分位中位 67.7% | 掉后半占比 15.5%
  汇总: top3 合计份额 76.2% | top3 加权贡献 lambda<=0 频率 1.0% | 全组合 PBO 11.9%

========================================================================
[2026-09-27 16:08:16] 
========================================================================
资产池: 2141 只 | 2604 天 | 2016-01-04 ~ 2026-09-18

========================================================================
[2026-09-27 16:10:30] Search Space
========================================================================
{'nondomin__min_n_assets': {'low': 5, 'high': 55, 'step': 10}, 'nondomin__threshold': {'low': -0.5, 'high': -0.3, 'step': 0.1}, 'correlate__threshold': {'low': 0.1, 'high': 0.9, 'step': 0.2}, 'extremes__k': {'low': 0.1, 'high': 0.9, 'step': 0.2}, 'nondomin__fitness_measures': ['mean-variance-maxdd-kurt', 'mean-variance-avgdd-kurt', 'mean-mad-avgdd-cvar-kurt', 'mean-mad-avgdd-cvar-sharpe'], 'train_size': {'low': 252, 'high': 756, 'step': 252}}

========================================================================
[2026-09-27 22:00:21] CSCV PBO 诊断
========================================================================
==================================================================
   CSCV PBO 诊断 v3（空间枚举 N 次执行 + 四种分析，论文 3.1-3.3）
==================================================================
  候选集：参数空间网格 N = 5400（6 维，无搜索层）
    - nondomin__min_n_assets: 5~55 step 10
    - nondomin__threshold: -0.5~-0.3 step 0.1
    - correlate__threshold: 0.1~0.9 step 0.2
    - extremes__k: 0.1~0.9 step 0.2
    - nondomin__fitness_measures: choice x4
    - train_size: 252~756 step 252
  收益流：5400 参数 x 7 块 x 252 天 = 1764 天 | 公共起点第 756 天（冗余 max(train_size) = 756 天）
  评估区：2019-02-14 00:00:00+08:00 ~ 2026-05-25 00:00:00+08:00
  CSCV：S=16 块（每块 110 天）| 组合数 C(16,8) = 12870
  ---------- 四种分析 ----------
  [1] PBO = freq(lambda<=0) = 26.1%（3355/12870）| lambda 5/50/95 分位 = -1.52/+1.24/+4.64 | 冠军多样性 156/5400
  [2] 性能退化：SR_OOS = +0.165 -0.930 x SR_IS（Spearman -0.607）| 可达 OOS 区间 P10/50/90 = +0.03/+0.06/+0.09
  [3] 亏损概率：Prob[SR_OOS(IS 冠军) < 0] = 1.1%
  [4] 随机占优：FSD = 否（CDF 最大反超 +0.0038）| SD2 min = +0.0000 -> 仅二阶占优（风险厌恶下优于随机选择）
  解读：PBO 越接近 0 排名传递性越好（论文惯例阈值 5%）；≈50% 表示选择与随机无异；
        亏损概率与 PBO 独立——PBO 低而亏损概率高说明 OOS 乏力且非过拟合所致；
        斜率显著为负 + FSD/SD2 均不成立 = 过拟合的典型证据。
==================================================================

========================================================================
[2026-09-27 22:01:26] topK 冠军候选样本外验收报告
========================================================================
[数据来源] 零重算 | 候选 N=5400 x 评估区 T=1764 天 | 对称组合 12870 个 | S=16
[top5 定位(夺冠次数 | 参数)]
  2403  {'nondomin__min_n_assets': 55, 'nondomin__threshold': -0.5, 'correlate__threshold': 0.1, 'extremes__k': 0.9, 'nondomin__fitness_measures': 'mean-variance-avgdd-kurt', 'train_size': 504}
  1066  {'nondomin__min_n_assets': 25, 'nondomin__threshold': -0.5, 'correlate__threshold': 0.1, 'extremes__k': 0.7, 'nondomin__fitness_measures': 'mean-mad-avgdd-cvar-sharpe', 'train_size': 252}
  810  {'nondomin__min_n_assets': 35, 'nondomin__threshold': -0.5, 'correlate__threshold': 0.1, 'extremes__k': 0.5, 'nondomin__fitness_measures': 'mean-mad-avgdd-cvar-sharpe', 'train_size': 252}
  808  {'nondomin__min_n_assets': 35, 'nondomin__threshold': -0.5, 'correlate__threshold': 0.3, 'extremes__k': 0.7, 'nondomin__fitness_measures': 'mean-mad-avgdd-cvar-sharpe', 'train_size': 252}
  685  {'nondomin__min_n_assets': 55, 'nondomin__threshold': -0.3, 'correlate__threshold': 0.3, 'extremes__k': 0.9, 'nondomin__fitness_measures': 'mean-mad-avgdd-cvar-sharpe', 'train_size': 252}

[评估区整体指标(1764 天,skfolio 口径)]
           年化收益    年化波动  Sharpe    最大回撤     日胜率
4552     0.1118  0.0713  1.5677  0.1103  0.5522
1845     0.0837  0.0633  1.3235  0.1019  0.5771
2733     0.1276  0.0894  1.4280  0.1039  0.5590
2805     0.0883  0.0585  1.5098  0.0734  0.5544
5217     0.0829  0.0628  1.3201  0.0781  0.5402
全体-中位    0.0726  0.1047  0.7336  0.2217  0.5289
全体-95分位  0.1073  0.1604  1.1054  0.4118  0.5471

[当选组合口径 | Sharpe 为日频未年化;OOS 分位 = omega 排名分位(越高越靠前)]
  cand4552: 当选  2403 次( 18.7%) | IS-Sharpe 中位  +0.12 | OOS-Sharpe 中位  +0.07 | OOS 分位中位 97.7% | 掉后半占比  0.0%
  cand1845: 当选  1066 次(  8.3%) | IS-Sharpe 中位  +0.12 | OOS-Sharpe 中位  +0.06 | OOS 分位中位 61.6% | 掉后半占比 36.3%
  cand2733: 当选   810 次(  6.3%) | IS-Sharpe 中位  +0.11 | OOS-Sharpe 中位  +0.08 | OOS 分位中位 83.6% | 掉后半占比  7.4%
  cand2805: 当选   808 次(  6.3%) | IS-Sharpe 中位  +0.11 | OOS-Sharpe 中位  +0.08 | OOS 分位中位 96.0% | 掉后半占比  0.0%
  cand5217: 当选   685 次(  5.3%) | IS-Sharpe 中位  +0.11 | OOS-Sharpe 中位  +0.06 | OOS 分位中位 74.4% | 掉后半占比  7.7%
  汇总: top5 合计份额 44.8% | top5 加权贡献 lambda<=0 频率 3.9% | 全组合 PBO 26.1%

========================================================================
[2026-09-27 22:19:19] topK 冠军候选样本外验收报告
========================================================================
[数据来源] 零重算 | 候选 N=5400 x 评估区 T=1764 天 | 对称组合 12870 个 | S=16
[top10 定位(夺冠次数 | 参数)]
  2403  {'nondomin__min_n_assets': 55, 'nondomin__threshold': -0.5, 'correlate__threshold': 0.1, 'extremes__k': 0.9, 'nondomin__fitness_measures': 'mean-variance-avgdd-kurt', 'train_size': 504}
  1066  {'nondomin__min_n_assets': 25, 'nondomin__threshold': -0.5, 'correlate__threshold': 0.1, 'extremes__k': 0.7, 'nondomin__fitness_measures': 'mean-mad-avgdd-cvar-sharpe', 'train_size': 252}
  810  {'nondomin__min_n_assets': 35, 'nondomin__threshold': -0.5, 'correlate__threshold': 0.1, 'extremes__k': 0.5, 'nondomin__fitness_measures': 'mean-mad-avgdd-cvar-sharpe', 'train_size': 252}
  808  {'nondomin__min_n_assets': 35, 'nondomin__threshold': -0.5, 'correlate__threshold': 0.3, 'extremes__k': 0.7, 'nondomin__fitness_measures': 'mean-mad-avgdd-cvar-sharpe', 'train_size': 252}
  685  {'nondomin__min_n_assets': 55, 'nondomin__threshold': -0.3, 'correlate__threshold': 0.3, 'extremes__k': 0.9, 'nondomin__fitness_measures': 'mean-mad-avgdd-cvar-sharpe', 'train_size': 252}
  615  {'nondomin__min_n_assets': 55, 'nondomin__threshold': -0.5, 'correlate__threshold': 0.3, 'extremes__k': 0.7, 'nondomin__fitness_measures': 'mean-mad-avgdd-cvar-sharpe', 'train_size': 252}
  551  {'nondomin__min_n_assets': 45, 'nondomin__threshold': -0.5, 'correlate__threshold': 0.1, 'extremes__k': 0.7, 'nondomin__fitness_measures': 'mean-variance-avgdd-kurt', 'train_size': 504}
  533  {'nondomin__min_n_assets': 35, 'nondomin__threshold': -0.4, 'correlate__threshold': 0.3, 'extremes__k': 0.7, 'nondomin__fitness_measures': 'mean-mad-avgdd-cvar-sharpe', 'train_size': 252}
  402  {'nondomin__min_n_assets': 35, 'nondomin__threshold': -0.4, 'correlate__threshold': 0.1, 'extremes__k': 0.5, 'nondomin__fitness_measures': 'mean-mad-avgdd-cvar-sharpe', 'train_size': 252}
  372  {'nondomin__min_n_assets': 55, 'nondomin__threshold': -0.3, 'correlate__threshold': 0.1, 'extremes__k': 0.7, 'nondomin__fitness_measures': 'mean-mad-avgdd-cvar-sharpe', 'train_size': 252}

[评估区整体指标(1764 天,skfolio 口径)]
           年化收益    年化波动  Sharpe    最大回撤     日胜率
4552     0.1118  0.0713  1.5677  0.1103  0.5522
1845     0.0837  0.0633  1.3235  0.1019  0.5771
2733     0.1276  0.0894  1.4280  0.1039  0.5590
2805     0.0883  0.0585  1.5098  0.0734  0.5544
5217     0.0829  0.0628  1.3201  0.0781  0.5402
4605     0.0936  0.0625  1.4979  0.0734  0.5573
3640     0.1222  0.0882  1.3856  0.1293  0.5533
3105     0.0677  0.0553  1.2239  0.0727  0.5448
3033     0.1214  0.0853  1.4230  0.1189  0.5635
5145     0.1068  0.0836  1.2767  0.1113  0.5641
全体-中位    0.0726  0.1047  0.7336  0.2217  0.5289
全体-95分位  0.1073  0.1604  1.1054  0.4118  0.5471

[当选组合口径 | Sharpe 为日频未年化;OOS 分位 = omega 排名分位(越高越靠前)]
  cand4552: 当选  2403 次( 18.7%) | IS-Sharpe 中位  +0.12 | OOS-Sharpe 中位  +0.07 | OOS 分位中位 97.7% | 掉后半占比  0.0%
  cand1845: 当选  1066 次(  8.3%) | IS-Sharpe 中位  +0.12 | OOS-Sharpe 中位  +0.06 | OOS 分位中位 61.6% | 掉后半占比 36.3%
  cand2733: 当选   810 次(  6.3%) | IS-Sharpe 中位  +0.11 | OOS-Sharpe 中位  +0.08 | OOS 分位中位 83.6% | 掉后半占比  7.4%
  cand2805: 当选   808 次(  6.3%) | IS-Sharpe 中位  +0.11 | OOS-Sharpe 中位  +0.08 | OOS 分位中位 96.0% | 掉后半占比  0.0%
  cand5217: 当选   685 次(  5.3%) | IS-Sharpe 中位  +0.11 | OOS-Sharpe 中位  +0.06 | OOS 分位中位 74.4% | 掉后半占比  7.7%
  cand4605: 当选   615 次(  4.8%) | IS-Sharpe 中位  +0.10 | OOS-Sharpe 中位  +0.09 | OOS 分位中位 96.7% | 掉后半占比  0.0%
  cand3640: 当选   551 次(  4.3%) | IS-Sharpe 中位  +0.12 | OOS-Sharpe 中位  +0.06 | OOS 分位中位 74.6% | 掉后半占比 12.3%
  cand3105: 当选   533 次(  4.1%) | IS-Sharpe 中位  +0.12 | OOS-Sharpe 中位  +0.03 | OOS 分位中位 26.2% | 掉后半占比 91.4%
  cand3033: 当选   402 次(  3.1%) | IS-Sharpe 中位  +0.12 | OOS-Sharpe 中位  +0.07 | OOS 分位中位 90.6% | 掉后半占比  1.2%
  cand5145: 当选   372 次(  2.9%) | IS-Sharpe 中位  +0.10 | OOS-Sharpe 中位  +0.07 | OOS 分位中位 43.8% | 掉后半占比 58.1%
  汇总: top10 合计份额 64.1% | top10 加权贡献 lambda<=0 频率 9.9% | 全组合 PBO 26.1%

========================================================================
[2026-09-27 23:12:28] Search Space
========================================================================
{'nondomin__min_n_assets': {'low': 25, 'high': 55, 'step': 10}, 'nondomin__threshold': {'low': -0.5, 'high': -0.3, 'step': 0.1}, 'correlate__threshold': {'low': 0.1, 'high': 0.3, 'step': 0.1}, 'extremes__k': {'low': 0.5, 'high': 0.9, 'step': 0.1}, 'nondomin__fitness_measures': ['mean-variance-kurt', 'mean-variance-avgdd-kurt', 'mean-mad-avgdd-cvar-kurt', 'mean-mad-avgdd-cvar-sharpe'], 'train_size': {'low': 252, 'high': 504, 'step': 252}}
