
========================================================================
[2026-09-07 18:34:04] Ojective
========================================================================
mean(Annualized Sharpe Ratio) + mean(Skew) - mean(Max Drawdown)

========================================================================
[2026-09-07 18:34:04] Model Pipeline
========================================================================
Pipeline([
        ("complete", SelectComplete(drop_assets_with_internal_nan=False)),
        ("variance", DropZeroVariance(threshold=1e-8)),
        ("extremes", SelectKExtremes(
            k=params["extremes__k"], measure=ExtraRiskMeasure.KURTOSIS, highest=False)),
        ("nondomin", SelectNonDominated(
            min_n_assets=params["nondomin__min_n_assets"],
            threshold=params["nondomin__threshold"],
            fitness_measures=fm,
        )),
        ("correlate", DropCorrelated(threshold=params["correlate__threshold"])),
        ("optimization", EqualWeighted()),
    ])

========================================================================
[2026-09-07 18:34:28] Parameter Space
========================================================================
{'nondomin__min_n_assets': {'low': 5, 'high': 25, 'step': 5}, 'nondomin__threshold': {'low': -0.5, 'high': -0.3, 'step': 0.1}, 'correlate__threshold': {'low': 0.1, 'high': 0.5, 'step': 0.1}, 'extremes__k': {'low': 0.1, 'high': 0.5, 'step': 0.1}, 'nondomin__fitness_measures': ['mean-variance-maxdd-kurt', 'mean-variance-avgdd-kurt', 'mean-mad-maxdd-kurt', 'mean-mad-avgdd-kurt', 'mean-mad-maxdd-cvar-kurt', 'mean-mad-avgdd-cvar-kurt'], 'train_size': {'low': 252, 'high': 252, 'step': 252}}

========================================================================
[2026-09-08 06:12:06]  Test Folds
========================================================================
n_test_folds = 2

========================================================================
[2026-09-08 09:39:11] Best Parameter
========================================================================
    fold   score  train ASR  test ASR  nondomin__min_n_assets  nondomin__threshold  correlate__threshold  extremes__k  train_size                   fitness
0      0 -0.2588     1.9350   -0.9355                      25                 -0.4                   0.1          0.5         252  mean-variance-avgdd-kurt
1      1  1.7165     1.5323    4.5094                      25                 -0.5                   0.5          0.1         252       mean-mad-maxdd-kurt
2      2  2.3217     2.7850    1.5761                      20                 -0.3                   0.4          0.2         252  mean-mad-maxdd-cvar-kurt
3      3  2.2080     3.9743   -1.5582                      20                 -0.4                   0.4          0.5         252       mean-mad-maxdd-kurt
4      4  0.0564     2.1844   -1.7630                       5                 -0.5                   0.5          0.4         252  mean-mad-avgdd-cvar-kurt
5      5  0.2932    -0.8291   -0.9116                      25                 -0.5                   0.1          0.1         252       mean-mad-avgdd-kurt
6      6  0.8497     0.7559   -0.2667                      20                 -0.5                   0.1          0.1         252  mean-mad-maxdd-cvar-kurt
7      7  0.4028     0.5414    0.9881                      10                 -0.3                   0.1          0.1         252  mean-variance-maxdd-kurt
8      8  0.5043     0.9867    3.3031                       5                 -0.5                   0.1          0.4         252  mean-variance-maxdd-kurt
9      9  1.0177     1.8072    0.6969                      25                 -0.5                   0.1          0.5         252  mean-variance-avgdd-kurt
10    10  0.9531     1.5461   -0.6759                      25                 -0.5                   0.5          0.3         252  mean-variance-maxdd-kurt
11    11  1.7233     1.8761    2.2116                      20                 -0.3                   0.2          0.2         252  mean-mad-avgdd-cvar-kurt
12    12  1.5942     2.3650    3.0060                       5                 -0.5                   0.4          0.5         252  mean-mad-avgdd-cvar-kurt
13    13  1.9086     1.4945   -0.3659                      20                 -0.5                   0.1          0.5         252  mean-mad-maxdd-cvar-kurt
14    14  1.9313     2.2826    1.3252                      25                 -0.4                   0.2          0.4         252       mean-mad-maxdd-kurt
15    15  0.9923     2.1745    1.2530                      20                 -0.4                   0.4          0.5         252  mean-variance-avgdd-kurt
16    16  2.3241     2.2108   -0.1554                      10                 -0.4                   0.2          0.3         252  mean-variance-avgdd-kurt
17    17  1.6774     1.9897   -1.1594                      25                 -0.3                   0.3          0.1         252       mean-mad-avgdd-kurt
18    18  1.6619     2.3503   -0.0269                      25                 -0.5                   0.1          0.5         252       mean-mad-maxdd-kurt
19    19  1.3510     1.8437    1.3441                      20                 -0.4                   0.1          0.2         252  mean-variance-maxdd-kurt
20    20  0.6998     1.0318    1.9295                      25                 -0.3                   0.1          0.3         252  mean-variance-avgdd-kurt
21    21  1.0250     0.6762    0.6713                      25                 -0.3                   0.1          0.5         252  mean-mad-maxdd-cvar-kurt
22    22 -0.0323     0.8244    2.6674                      15                 -0.4                   0.1          0.5         252  mean-mad-maxdd-cvar-kurt
23    23  0.3071     0.2126   -0.2883                       5                 -0.4                   0.1          0.5         252  mean-variance-avgdd-kurt
24    24  0.6361     0.9724    1.0898                       5                 -0.3                   0.4          0.1         252  mean-mad-maxdd-cvar-kurt
25    25  0.9278     1.1860    0.8101                      15                 -0.5                   0.1          0.1         252  mean-variance-maxdd-kurt
26    26  1.1673    -0.3980    0.3165                      25                 -0.3                   0.2          0.1         252  mean-mad-maxdd-cvar-kurt
27    27  0.9641     1.5368   -0.4219                      25                 -0.4                   0.3          0.5         252  mean-variance-maxdd-kurt
28    28  0.5687     1.1263    2.4323                      25                 -0.5                   0.1          0.1         252  mean-variance-maxdd-kurt
29    29  2.8343     3.0005    2.8536                       5                 -0.5                   0.5          0.3         252  mean-variance-avgdd-kurt
30    30  3.5996     3.8163    2.3092                      10                 -0.3                   0.3          0.3         252       mean-mad-maxdd-kurt
31    31  1.4836     3.4420    1.4634                      20                 -0.3                   0.5          0.3         252  mean-variance-avgdd-kurt
32    32  2.3762     4.1854   -0.4893                      10                 -0.3                   0.5          0.2         252  mean-variance-avgdd-kurt
33    33  1.0101     3.5846    1.7901                       5                 -0.3                   0.5          0.2         252  mean-variance-maxdd-kurt
34    34  0.7200     2.3952   -2.5928                       5                 -0.3                   0.2          0.5         252  mean-variance-maxdd-kurt

========================================================================
[2026-09-08 09:45:36] OSS Summary
========================================================================
Mean                                     0.026%
Annualized Mean                           6.58%
Variance                                0.0060%
Annualized Variance                       1.52%
Semi-Variance                           0.0031%
Annualized Semi-Variance                  0.77%
Standard Deviation                        0.78%
Annualized Standard Deviation            12.34%
Semi-Deviation                            0.55%
Annualized Semi-Deviation                 8.78%
Mean Absolute Deviation                   0.50%
CVaR at 95%                               1.89%
EVaR at 95%                               2.91%
Worst Realization                         4.82%
CDaR at 95%                              15.67%
MAX Drawdown                             25.12%
Average Drawdown                          4.10%
EDaR at 95%                              18.42%
First Lower Partial Moment                0.25%
Ulcer Index                               0.060
Gini Mean Difference                      0.76%
Value at Risk at 95%                      1.11%
Drawdown at Risk at 95%                  12.40%
Entropic Risk Measure at 95%               3.00
Fourth Central Moment                 0.000007%
Fourth Lower Partial Moment           0.000002%
Skew                                     51.50%
Kurtosis                               2016.09%
Sharpe Ratio                              0.034
Annualized Sharpe Ratio                    0.53
Sortino Ratio                             0.047
Annualized Sortino Ratio                   0.75
Mean Absolute Deviation Ratio             0.052
First Lower Partial Moment Ratio           0.10
Value at Risk Ratio at 95%                0.024
CVaR Ratio at 95%                         0.014
Entropic Risk Measure Ratio at 95%     0.000087
EVaR Ratio at 95%                        0.0090
Worst Realization Ratio                  0.0054
Drawdown at Risk Ratio at 95%            0.0021
CDaR Ratio at 95%                        0.0017
Calmar Ratio                             0.0010
Average Drawdown Ratio                   0.0064
EDaR Ratio at 95%                        0.0014
Ulcer Index Ratio                        0.0044
Gini Mean Difference Ratio                0.034
Avg nb of Assets per Portfolio              7.1
Number of Portfolios                         35
Number of Failed Portfolios                   0
Number of Fallback Portfolios                 0
dtype: str

========================================================================
[2026-09-08 09:45:50] OSS DSR Diagnose
========================================================================
{'prob_loss': np.float64(0.0), 'dsr': np.float64(1.0), 'sr_obs': np.float64(0.507537253323384), 'e_max': 0.0, 'z_score': np.float64(19.643688230151177), 'T_total': 2485, 'n_trials': 1}

========================================================================
[2026-09-08 09:46:26] 4.2 A3 vs 沪深300 相对收益分布
========================================================================
      ann_excess  arith_excess      IR  winrate
5%        0.0033       -0.0118 -0.0715   0.5091
50%       0.0339        0.0203  0.1222   0.5179
95%       0.0658        0.0537  0.3233   0.5276
mean      0.0343        0.0207  0.1241   0.5182

========================================================================
[2026-09-15 14:11:34] Ojective
========================================================================
mean(Annualized Sharpe Ratio)/2 - mean(MAXDD) + mean(SKEW)

========================================================================
[2026-09-15 14:11:34] Model Pipeline
========================================================================
Pipeline([
        ("complete", SelectComplete(drop_assets_with_internal_nan=False)),
        ("variance", DropZeroVariance(threshold=1e-8)),
        ("extremes", SelectKExtremes(
            k=params["extremes__k"], measure=ExtraRiskMeasure.KURTOSIS, highest=False)),
        ("nondomin", SelectNonDominated(
            min_n_assets=params["nondomin__min_n_assets"],
            threshold=params["nondomin__threshold"],
            fitness_measures=fm,
        )),
        ("correlate", DropCorrelated(threshold=params["correlate__threshold"])),
        ("optimization", EqualWeighted()),
    ])

========================================================================
[2026-09-15 14:12:01] Parameter Space
========================================================================
{'nondomin__min_n_assets': {'low': 5, 'high': 55, 'step': 5}, 'nondomin__threshold': {'low': -0.5, 'high': -0.3, 'step': 0.1}, 'correlate__threshold': {'low': 0.1, 'high': 0.5, 'step': 0.1}, 'extremes__k': {'low': 0.1, 'high': 0.6, 'step': 0.1}, 'nondomin__fitness_measures': ['mean-variance-kurt', 'mean-variance-maxdd-kurt', 'mean-variance-avgdd-kurt', 'mean-semideviation-avgdd', 'mean-mad-maxdd-kurt', 'mean-mad-avgdd-kurt', 'mean-mad-maxdd-cvar-kurt', 'mean-mad-maxdd-cvar-sharpe', 'mean-mad-avgdd-cvar-kurt', 'mean-mad-avgdd-cvar-sharpe'], 'train_size': {'low': 252, 'high': 756, 'step': 126}}

========================================================================
[2026-09-15 14:12:43] Search Parameter
========================================================================
{'test_size': 64, 'train_size': 820, 'n_test_folds': 2, 'n_jobs': 4, 'cv_n_jobs': 10, 'n_trials': 2000, 'patience': 25, 'sampler': 'tpe', 'min_delta': 0.0001, 'outer_purged_size': 1, 'outer_reduce_test': False, 'seed': 42, 'verbose': True}

========================================================================
[2026-09-16 09:25:49] Best Parameter
========================================================================
    fold   score     dsr  sr_obs  margin  train ASR  test ASR  nondomin__min_n_assets  nondomin__threshold  correlate__threshold  extremes__k  train_size                     fitness  n_trials
0      0  0.0976  0.0000  0.0976 -0.6455     0.7127    1.0179                      35                 -0.3                   0.1          0.1         378    mean-variance-maxdd-kurt        69
1      1 -0.1421  0.0000 -0.1421 -0.7691     0.3173    3.0574                      55                 -0.5                   0.4          0.3         630  mean-mad-avgdd-cvar-sharpe        38
2      2  0.5818  0.0066  0.5818 -0.4666     0.5403    2.6369                      25                 -0.4                   0.4          0.4         252    mean-semideviation-avgdd        40
3      3  1.0824  0.4824  1.0824 -0.0337     1.5971    1.2537                      25                 -0.3                   0.3          0.2         252    mean-variance-avgdd-kurt        37
4      4  0.4627  0.1976  0.4627 -0.1259     1.3953    2.2560                      35                 -0.4                   0.2          0.6         378          mean-variance-kurt        28
5      5  0.7292  0.7895  0.7292  0.1162     0.9237    0.0250                       5                 -0.4                   0.1          0.5         252    mean-variance-maxdd-kurt        29
6      6  1.5323  0.8285  1.5323  0.2250     0.9553    0.5791                      25                 -0.5                   0.1          0.2         252  mean-mad-maxdd-cvar-sharpe        65
7      7  0.9693  0.6359  0.9693  0.0451     1.6124    2.2974                      35                 -0.5                   0.2          0.4         378          mean-variance-kurt        55
8      8  1.3933  0.9414  1.3933  0.3749     1.0585    2.8590                      40                 -0.4                   0.1          0.3         630         mean-mad-avgdd-kurt        43
9      9  1.4538  0.9750  1.4538  0.4614     0.3771   -1.0284                      15                 -0.4                   0.4          0.4         252         mean-mad-maxdd-kurt        48
10    10  0.7777  0.9522  0.7777  0.2275     1.1403   -1.6813                      20                 -0.4                   0.2          0.4         378    mean-variance-maxdd-kurt        38
11    11  0.8241  0.4181  0.8241 -0.0565     1.7579    0.8551                      55                 -0.3                   0.3          0.4         378    mean-semideviation-avgdd        40
12    12  0.4375  0.0016  0.4375 -0.4100     0.5614    2.4463                      35                 -0.3                   0.2          0.3         504         mean-mad-avgdd-kurt        48
13    13  0.4481  0.0054  0.4481 -0.3616     1.2074    0.1694                      55                 -0.4                   0.2          0.5         504    mean-semideviation-avgdd        45
14    14  0.9593  0.1036  0.9593 -0.2859     0.9683   -1.4017                      35                 -0.3                   0.1          0.5         630    mean-variance-avgdd-kurt        62
15    15  0.3333  0.0000  0.3333 -0.6941     1.1198    0.8356                      45                 -0.3                   0.3          0.1         630         mean-mad-maxdd-kurt        56
16    16  1.0157  0.1968  1.0157 -0.1961     1.7587   -1.3079                      20                 -0.5                   0.2          0.5         756    mean-variance-maxdd-kurt        69
17    17  1.0499  0.0597  1.0499 -0.3823     0.5422    4.0282                      55                 -0.4                   0.1          0.6         252    mean-mad-avgdd-cvar-kurt        65
18    18  0.3749  0.0015  0.3749 -0.4090     0.3943    3.5941                      30                 -0.4                   0.1          0.6         630          mean-variance-kurt        38
19    19  0.6877  0.0110  0.6877 -0.5511     1.1293    0.6674                       5                 -0.3                   0.1          0.3         252  mean-mad-avgdd-cvar-sharpe        35
20    20  0.6581  0.0089  0.6581 -0.4075     0.8962    1.7096                       5                 -0.4                   0.1          0.6         378    mean-variance-maxdd-kurt        57
21    21  1.3756  0.9018  1.3756  0.3409     1.3301    0.2739                      15                 -0.4                   0.3          0.2         378  mean-mad-maxdd-cvar-sharpe        28
22    22  2.6158  0.9992  2.6158  1.3589     1.2490    0.2773                      25                 -0.4                   0.2          0.1         378         mean-mad-maxdd-kurt        28
23    23  1.5401  0.7016  1.5401  0.1229     0.7039    6.6130                      50                 -0.5                   0.5          0.1         504  mean-mad-maxdd-cvar-sharpe        64
24    24  1.3077  0.9208  1.3077  0.3001     2.3381    2.2364                      35                 -0.5                   0.2          0.4         630    mean-variance-avgdd-kurt        53
25    25  1.2983  0.7658  1.2983  0.1613     2.3290    1.0499                      50                 -0.4                   0.4          0.2         504          mean-variance-kurt        44
26    26  2.4453  0.8208  2.4453  0.4004     1.7507    2.8123                      40                 -0.3                   0.2          0.1         756          mean-variance-kurt        39

========================================================================
[2026-09-16 09:35:32] Top 10 参数组合OOS:ASR,MEAN,MAXDD
========================================================================
      annualized_sharpe_ratio  annualized_mean  max_drawdown
rank                                                        
1                    1.250205         0.129783      0.179294
2                    1.272177         0.132443      0.131253
3                    0.851557         0.116779      0.356286
4                    0.866967         0.092965      0.222389
5                    1.078325         0.123406      0.219214
6                    0.876857         0.104716      0.291165
7                    1.031480         0.113171      0.143325
8                    0.877711         0.090380      0.145364
9                    0.833687         0.091836      0.305589
10                   0.960205         0.106228      0.253166

========================================================================
[2026-09-16 12:31:39] 消融实验
========================================================================
                                            说明  折数    天数  annualized_mean  annualized_sharpe_ratio  max_drawdown      skew   kurtosis
臂                                                                                                                                    
full                                   全管线（基准）  27  1728         0.129783                 1.250205      0.179294 -0.355541   6.996187
no_extremes              无峰度预筛（剔除 extremes 步骤）  27  1728         0.069894                 0.997464      0.142118 -0.337063  11.683528
no_nondomin             无非支配筛选（剔除 nondomin 步骤）  27  1728         0.137606                 1.227167      0.132763 -0.648504   8.034042
no_correlate             无去相关（剔除 correlate 步骤）  27  1728         0.095312                 0.632518      0.479595 -0.631795   8.707100
no_extremes_correlate  剔除 extremes + correlate  27  1728         0.061651                 0.572254      0.360781 -0.707286   9.196037

========================================================================
[2026-09-16 13:23:40] OSS Summary
========================================================================
Mean                                     0.052%
Annualized Mean                          12.98%
Variance                                0.0043%
Annualized Variance                       1.08%
Semi-Variance                           0.0022%
Annualized Semi-Variance                  0.57%
Standard Deviation                        0.65%
Annualized Standard Deviation            10.38%
Semi-Deviation                            0.47%
Annualized Semi-Deviation                 7.52%
Mean Absolute Deviation                   0.46%
CVaR at 95%                               1.50%
EVaR at 95%                               2.46%
Worst Realization                         4.20%
CDaR at 95%                              12.48%
MAX Drawdown                             16.73%
Average Drawdown                          3.77%
EDaR at 95%                              13.51%
First Lower Partial Moment                0.23%
Ulcer Index                               0.054
Gini Mean Difference                      0.69%
Value at Risk at 95%                      1.03%
Drawdown at Risk at 95%                  11.21%
Entropic Risk Measure at 95%               3.00
Fourth Central Moment                 0.000001%
Fourth Lower Partial Moment           0.000001%
Skew                                    -35.55%
Kurtosis                                699.62%
Sharpe Ratio                              0.079
Annualized Sharpe Ratio                    1.25
Sortino Ratio                              0.11
Annualized Sortino Ratio                   1.73
Mean Absolute Deviation Ratio              0.11
First Lower Partial Moment Ratio           0.22
Value at Risk Ratio at 95%                0.050
CVaR Ratio at 95%                         0.034
Entropic Risk Measure Ratio at 95%      0.00017
EVaR Ratio at 95%                         0.021
Worst Realization Ratio                   0.012
Drawdown at Risk Ratio at 95%            0.0046
CDaR Ratio at 95%                        0.0041
Calmar Ratio                             0.0031
Average Drawdown Ratio                    0.014
EDaR Ratio at 95%                        0.0038
Ulcer Index Ratio                        0.0096
Gini Mean Difference Ratio                0.074
Avg nb of Assets per Portfolio              5.5
Number of Portfolios                         27
Number of Failed Portfolios                   0
Number of Fallback Portfolios                 0
dtype: str

========================================================================
[2026-09-16 13:24:28] OOS PSR Diagnose
========================================================================
{'prob_loss': np.float64(0.0), 'psr_median': np.float64(1.0), 'psr_5': np.float64(1.0), 'sr_obs': np.float64(0.763089527204045), 'T_total': 1903}

========================================================================
[2026-09-16 13:25:23] OOS vs 沪深300 相对收益分布
========================================================================
      ann_excess  arith_excess      IR  winrate
5%        0.0210        0.0119  0.0733   0.5076
50%       0.0500        0.0425  0.2631   0.5181
95%       0.0782        0.0722  0.4519   0.5281
mean      0.0501        0.0426  0.2650   0.5182


========================================================================
[2026-09-26 11:58:49] Ojective
========================================================================
mean(Annualized Sharpe Ratio)/2 - mean(MAXDD) + mean(SKEW)

========================================================================
[2026-09-26 11:58:49] Model Pipeline
========================================================================
Pipeline([
        # 严格模式：剔除所有包含缺失值的资产（前导/末端/内部一律剔除）。
        # 搜索（CPCV 各路径 fit）与评估/应用（各折 fit）的池口径由
        # SelectComplete 统一保证：fit 可见列 = 完整资产集，fit/predict
        # 同一掩码，无需外层人工池过滤。
        ("complete", SelectComplete(drop_assets_with_internal_nan=True)),
        ("variance", DropZeroVariance(threshold=1e-8)),
        ("extremes", SelectKExtremes(
            k=params["extremes__k"], measure=ExtraRiskMeasure.KURTOSIS, highest=False)),
        ("nondomin", SelectNonDominated(
            min_n_assets=params["nondomin__min_n_assets"],
            threshold=params["nondomin__threshold"],
            fitness_measures=fm,
        )),
        ("correlate", DropCorrelated(threshold=params["correlate__threshold"])),
        ("optimization", EqualWeighted()),
    ])

========================================================================
[2026-09-26 11:58:50] Parameter Space
========================================================================
{'nondomin__min_n_assets': {'low': 55, 'high': 55, 'step': 5}, 'nondomin__threshold': {'low': -0.4, 'high': -0.4, 'step': 0.1}, 'correlate__threshold': {'low': 0.1, 'high': 0.1, 'step': 0.1}, 'extremes__k': {'low': 0.9, 'high': 0.9, 'step': 0.1}, 'nondomin__fitness_measures': ['mean-variance-avgdd-kurt'], 'train_size': {'low': 504, 'high': 504, 'step': 252}}

========================================================================
[2026-09-26 11:58:50] Space Size
========================================================================
1

========================================================================
[2026-09-26 11:58:52] Search Parameter
========================================================================
{'test_size': 64, 'train_size': 820, 'n_test_folds': 2, 'n_jobs': 4, 'cv_n_jobs': 8, 'n_trials': 1, 'patience': 100, 'sampler': 'random', 'min_delta': 0.0001, 'outer_purged_size': 0, 'outer_reduce_test': False, 'seed': 42, 'verbose': True}

========================================================================
[2026-09-26 12:13:32] Best Parameter
========================================================================
    fold   score  p_luck  margin  train ASR  test ASR  nondomin__min_n_assets  nondomin__threshold  correlate__threshold  extremes__k  train_size                   fitness  n_trials
0      0 -0.2880     1.0     0.0     1.5392    2.5870                      55                 -0.4                   0.1          0.9         504  mean-variance-avgdd-kurt         1
1      1  0.2895     1.0     0.0     1.6642    0.2819                      55                 -0.4                   0.1          0.9         504  mean-variance-avgdd-kurt         1
2      2  0.4444     1.0     0.0     1.3500    3.2648                      55                 -0.4                   0.1          0.9         504  mean-variance-avgdd-kurt         1
3      3  0.5153     1.0     0.0     2.0075   -0.5420                      55                 -0.4                   0.1          0.9         504  mean-variance-avgdd-kurt         1
4      4  0.1755     1.0     0.0     1.5565    3.0122                      55                 -0.4                   0.1          0.9         504  mean-variance-avgdd-kurt         1
5      5 -0.0079     1.0     0.0     1.8749    0.5855                      55                 -0.4                   0.1          0.9         504  mean-variance-avgdd-kurt         1
6      6  0.4130     1.0     0.0     1.4511    1.0958                      55                 -0.4                   0.1          0.9         504  mean-variance-avgdd-kurt         1
7      7  0.5870     1.0     0.0     1.1311    2.8879                      55                 -0.4                   0.1          0.9         504  mean-variance-avgdd-kurt         1
8      8  0.0649     1.0     0.0     1.2968    2.6654                      55                 -0.4                   0.1          0.9         504  mean-variance-avgdd-kurt         1
9      9  0.5273     1.0     0.0     1.5390    0.7948                      55                 -0.4                   0.1          0.9         504  mean-variance-avgdd-kurt         1
10    10  0.0744     1.0     0.0     1.8501   -1.6654                      55                 -0.4                   0.1          0.9         504  mean-variance-avgdd-kurt         1
11    11 -0.5468     1.0     0.0     1.9546   -0.4623                      55                 -0.4                   0.1          0.9         504  mean-variance-avgdd-kurt         1
12    12  0.7042     1.0     0.0     1.8606   -0.1629                      55                 -0.4                   0.1          0.9         504  mean-variance-avgdd-kurt         1
13    13  0.3692     1.0     0.0     1.7322    1.8879                      55                 -0.4                   0.1          0.9         504  mean-variance-avgdd-kurt         1
14    14  0.4013     1.0     0.0     1.5497    0.4937                      55                 -0.4                   0.1          0.9         504  mean-variance-avgdd-kurt         1
15    15 -0.0002     1.0     0.0     1.3593    2.7113                      55                 -0.4                   0.1          0.9         504  mean-variance-avgdd-kurt         1
16    16  0.3539     1.0     0.0     1.6732   -0.0755                      55                 -0.4                   0.1          0.9         504  mean-variance-avgdd-kurt         1
17    17  0.6162     1.0     0.0     2.2351   -0.7260                      55                 -0.4                   0.1          0.9         504  mean-variance-avgdd-kurt         1
18    18  0.6171     1.0     0.0     1.7171    5.8457                      55                 -0.4                   0.1          0.9         504  mean-variance-avgdd-kurt         1
19    19  0.3995     1.0     0.0     2.0796   -3.0605                      55                 -0.4                   0.1          0.9         504  mean-variance-avgdd-kurt         1
20    20  0.0694     1.0     0.0     1.3567   -0.8346                      55                 -0.4                   0.1          0.9         504  mean-variance-avgdd-kurt         1
21    21  0.0983     1.0     0.0     2.1702    0.5309                      55                 -0.4                   0.1          0.9         504  mean-variance-avgdd-kurt         1
22    22  0.3204     1.0     0.0     2.1280    0.9682                      55                 -0.4                   0.1          0.9         504  mean-variance-avgdd-kurt         1
23    23 -0.2782     1.0     0.0     1.6371    3.3654                      55                 -0.4                   0.1          0.9         504  mean-variance-avgdd-kurt         1
24    24 -0.1246     1.0     0.0     2.3465    2.9470                      55                 -0.4                   0.1          0.9         504  mean-variance-avgdd-kurt         1
25    25 -0.0859     1.0     0.0     2.5726   -0.3958                      55                 -0.4                   0.1          0.9         504  mean-variance-avgdd-kurt         1
26    26 -0.7620     1.0     0.0     2.1931   -0.9724                      55                 -0.4                   0.1          0.9         504  mean-variance-avgdd-kurt         1

========================================================================
[2026-09-26 12:16:46] 消融实验
========================================================================
                                            说明  折数    天数  annualized_mean  annualized_sharpe_ratio  max_drawdown      skew  kurtosis
臂                                                                                                                                   
full                                   全管线（基准）  27  1728         0.066465                 0.939666      0.108081 -0.093905  8.147487
no_extremes              无峰度预筛（剔除 extremes 步骤）  27  1728         0.063722                 0.908319      0.117420 -0.249983  9.974939
no_nondomin             无非支配筛选（剔除 nondomin 步骤）  27  1728         0.064522                 1.220908      0.066401  0.017886  7.624720
no_correlate             无去相关（剔除 correlate 步骤）  27  1728         0.104351                 0.907161      0.244582 -0.358334  8.497735
no_extremes_correlate  剔除 extremes + correlate  27  1728         0.094203                 0.885223      0.249744 -0.599579  8.120379

========================================================================
[2026-09-26 12:33:56] OSS Summary
========================================================================
Mean                                     0.026%
Annualized Mean                           6.65%
Variance                                0.0020%
Annualized Variance                       0.50%
Semi-Variance                          0.00099%
Annualized Semi-Variance                  0.25%
Standard Deviation                        0.45%
Annualized Standard Deviation             7.07%
Semi-Deviation                            0.31%
Annualized Semi-Deviation                 5.00%
Mean Absolute Deviation                   0.30%
CVaR at 95%                               1.04%
EVaR at 95%                               1.66%
Worst Realization                         2.86%
CDaR at 95%                               7.13%
MAX Drawdown                             10.44%
Average Drawdown                          2.47%
EDaR at 95%                               8.26%
First Lower Partial Moment                0.15%
Ulcer Index                               0.032
Gini Mean Difference                      0.45%
Value at Risk at 95%                      0.64%
Drawdown at Risk at 95%                   6.15%
Entropic Risk Measure at 95%               3.00
Fourth Central Moment                 0.000000%
Fourth Lower Partial Moment           0.000000%
Skew                                     -9.39%
Kurtosis                                814.75%
Sharpe Ratio                              0.059
Annualized Sharpe Ratio                    0.94
Sortino Ratio                             0.084
Annualized Sortino Ratio                   1.33
Mean Absolute Deviation Ratio             0.089
First Lower Partial Moment Ratio           0.18
Value at Risk Ratio at 95%                0.041
CVaR Ratio at 95%                         0.025
Entropic Risk Measure Ratio at 95%     0.000088
EVaR Ratio at 95%                         0.016
Worst Realization Ratio                  0.0092
Drawdown at Risk Ratio at 95%            0.0043
CDaR Ratio at 95%                        0.0037
Calmar Ratio                             0.0025
Average Drawdown Ratio                    0.011
EDaR Ratio at 95%                        0.0032
Ulcer Index Ratio                        0.0083
Gini Mean Difference Ratio                0.058
Avg nb of Assets per Portfolio              6.9
Number of Portfolios                         27
Number of Failed Portfolios                   0
Number of Fallback Portfolios                 0
dtype: str

========================================================================
[2026-09-26 12:34:05] OOS PSR Diagnose
========================================================================
{'prob_loss': np.float64(0.0), 'psr_median': np.float64(1.0), 'psr_5': np.float64(1.0), 'sr_obs': np.float64(0.626563246524461), 'T_total': 1971}

========================================================================
[2026-09-26 12:35:05] OOS vs 红利ETF 相对收益分布
========================================================================
      ann_excess  arith_excess      IR  winrate
5%       -0.0050       -0.0071 -0.0577   0.5023
50%       0.0192        0.0182  0.1494   0.5119
95%       0.0402        0.0402  0.3278   0.5226
mean      0.0194        0.0184  0.1504   0.5121

========================================================================
[2026-09-26 12:35:36] Ojective
========================================================================
mean(Annualized Sharpe Ratio)/2 - mean(MAXDD) + mean(SKEW)

========================================================================
[2026-09-26 12:35:36] Model Pipeline
========================================================================
Pipeline([
        # 严格模式：剔除所有包含缺失值的资产（前导/末端/内部一律剔除）。
        # 搜索（CPCV 各路径 fit）与评估/应用（各折 fit）的池口径由
        # SelectComplete 统一保证：fit 可见列 = 完整资产集，fit/predict
        # 同一掩码，无需外层人工池过滤。
        ("complete", SelectComplete(drop_assets_with_internal_nan=True)),
        ("variance", DropZeroVariance(threshold=1e-8)),
        ("extremes", SelectKExtremes(
            k=params["extremes__k"], measure=ExtraRiskMeasure.KURTOSIS, highest=False)),
        ("nondomin", SelectNonDominated(
            min_n_assets=params["nondomin__min_n_assets"],
            threshold=params["nondomin__threshold"],
            fitness_measures=fm,
        )),
        ("correlate", DropCorrelated(threshold=params["correlate__threshold"])),
        ("optimization", EqualWeighted()),
    ])


========================================================================
[2026-09-26 12:36:18] Parameter Space
========================================================================
{'nondomin__min_n_assets': {'low': 55, 'high': 55, 'step': 5}, 'nondomin__threshold': {'low': -0.4, 'high': -0.4, 'step': 0.1}, 'correlate__threshold': {'low': 0.1, 'high': 0.1, 'step': 0.1}, 'extremes__k': {'low': 0.9, 'high': 0.9, 'step': 0.1}, 'nondomin__fitness_measures': ['mean-variance-avgdd-kurt'], 'train_size': {'low': 252, 'high': 504, 'step': 252}}

========================================================================
[2026-09-26 12:36:18] Space Size
========================================================================
2

========================================================================
[2026-09-26 12:36:26] Search Parameter
========================================================================
{'test_size': 64, 'train_size': 820, 'n_test_folds': 2, 'n_jobs': 4, 'cv_n_jobs': 8, 'n_trials': 2, 'patience': 100, 'sampler': 'random', 'min_delta': 0.0001, 'outer_purged_size': 0, 'outer_reduce_test': False, 'seed': 42, 'verbose': True}

========================================================================
[2026-09-26 12:56:03] Best Parameter
========================================================================
    fold   score  p_luck  margin  train ASR  test ASR  nondomin__min_n_assets  nondomin__threshold  correlate__threshold  extremes__k  train_size                   fitness  n_trials
0      0  0.1367     1.0     0.0     1.4647    1.8308                      55                 -0.4                   0.1          0.9         252  mean-variance-avgdd-kurt         1
1      1  0.2895     1.0     0.0     1.6642    0.2819                      55                 -0.4                   0.1          0.9         504  mean-variance-avgdd-kurt         2
2      2  0.4444     1.0     0.0     1.3500    3.2648                      55                 -0.4                   0.1          0.9         504  mean-variance-avgdd-kurt         1
3      3  0.9389     1.0     0.0     2.4305    0.2802                      55                 -0.4                   0.1          0.9         252  mean-variance-avgdd-kurt         1
4      4  0.5140     1.0     0.0     1.8593    2.5597                      55                 -0.4                   0.1          0.9         252  mean-variance-avgdd-kurt         2
5      5  0.7279     1.0     0.0     1.2999    0.3500                      55                 -0.4                   0.1          0.9         252  mean-variance-avgdd-kurt         2
6      6  0.4130     1.0     0.0     1.4511    1.0958                      55                 -0.4                   0.1          0.9         504  mean-variance-avgdd-kurt         1
7      7  0.5870     1.0     0.0     1.1311    2.8879                      55                 -0.4                   0.1          0.9         504  mean-variance-avgdd-kurt         2
8      8  0.0649     1.0     0.0     1.2968    2.6654                      55                 -0.4                   0.1          0.9         504  mean-variance-avgdd-kurt         2
9      9  1.2178     1.0     0.0     1.9850    0.5104                      55                 -0.4                   0.1          0.9         252  mean-variance-avgdd-kurt         2
10    10  0.0744     1.0     0.0     1.8501   -1.6654                      55                 -0.4                   0.1          0.9         504  mean-variance-avgdd-kurt         1
11    11  0.7869     1.0     0.0     1.7762   -0.5278                      55                 -0.4                   0.1          0.9         252  mean-variance-avgdd-kurt         1
12    12  0.7042     1.0     0.0     1.8606   -0.1629                      55                 -0.4                   0.1          0.9         504  mean-variance-avgdd-kurt         1
13    13  0.3692     1.0     0.0     1.7322    1.8879                      55                 -0.4                   0.1          0.9         504  mean-variance-avgdd-kurt         1
14    14  0.4013     1.0     0.0     1.5497    0.4937                      55                 -0.4                   0.1          0.9         504  mean-variance-avgdd-kurt         1
15    15 -0.0002     1.0     0.0     1.3593    2.7113                      55                 -0.4                   0.1          0.9         504  mean-variance-avgdd-kurt         1
16    16  0.3539     1.0     0.0     1.6732   -0.0755                      55                 -0.4                   0.1          0.9         504  mean-variance-avgdd-kurt         2
17    17  0.7689     1.0     0.0     1.7466    0.9280                      55                 -0.4                   0.1          0.9         252  mean-variance-avgdd-kurt         1
18    18  0.6171     1.0     0.0     1.7171    5.8457                      55                 -0.4                   0.1          0.9         504  mean-variance-avgdd-kurt         1
19    19  0.8167     1.0     0.0     2.3169   -0.5407                      55                 -0.4                   0.1          0.9         252  mean-variance-avgdd-kurt         1
20    20 -0.0204     1.0     0.0     1.8662   -0.3208                      55                 -0.4                   0.1          0.9         252  mean-variance-avgdd-kurt         1
21    21  0.1133     1.0     0.0     1.0405    0.9002                      55                 -0.4                   0.1          0.9         252  mean-variance-avgdd-kurt         2
22    22  0.3204     1.0     0.0     2.1280    0.9682                      55                 -0.4                   0.1          0.9         504  mean-variance-avgdd-kurt         2
23    23 -0.2782     1.0     0.0     1.6371    3.3654                      55                 -0.4                   0.1          0.9         504  mean-variance-avgdd-kurt         1
24    24 -0.1246     1.0     0.0     2.3465    2.9470                      55                 -0.4                   0.1          0.9         504  mean-variance-avgdd-kurt         1
25    25  0.2399     1.0     0.0     1.8907   -1.2675                      55                 -0.4                   0.1          0.9         252  mean-variance-avgdd-kurt         1
26    26 -0.1438     1.0     0.0     1.5688    1.0471                      55                 -0.4                   0.1          0.9         252  mean-variance-avgdd-kurt         2

========================================================================
[2026-09-26 12:59:25] 消融实验
========================================================================
                                            说明  折数    天数  annualized_mean  annualized_sharpe_ratio  max_drawdown      skew  kurtosis
臂                                                                                                                                   
full                                   全管线（基准）  27  1728         0.077384                 1.040930      0.093105 -0.081508  7.949043
no_extremes              无峰度预筛（剔除 extremes 步骤）  27  1728         0.078309                 1.049470      0.098946  0.071459  9.230221
no_nondomin             无非支配筛选（剔除 nondomin 步骤）  27  1728         0.053789                 1.017257      0.096248 -0.012228  6.464056
no_correlate             无去相关（剔除 correlate 步骤）  27  1728         0.085704                 0.776599      0.295538 -0.723741  7.807174
no_extremes_correlate  剔除 extremes + correlate  27  1728         0.077578                 0.739425      0.297655 -0.752398  8.193452

========================================================================
[2026-09-26 13:12:34] OSS Summary
========================================================================
Mean                                     0.031%
Annualized Mean                           7.74%
Variance                                0.0022%
Annualized Variance                       0.55%
Semi-Variance                           0.0011%
Annualized Semi-Variance                  0.28%
Standard Deviation                        0.47%
Annualized Standard Deviation             7.43%
Semi-Deviation                            0.33%
Annualized Semi-Deviation                 5.25%
Mean Absolute Deviation                   0.31%
CVaR at 95%                               1.10%
EVaR at 95%                               1.67%
Worst Realization                         2.62%
CDaR at 95%                               6.77%
MAX Drawdown                              9.00%
Average Drawdown                          2.43%
EDaR at 95%                               7.26%
First Lower Partial Moment                0.16%
Ulcer Index                               0.032
Gini Mean Difference                      0.48%
Value at Risk at 95%                      0.69%
Drawdown at Risk at 95%                   6.23%
Entropic Risk Measure at 95%               3.00
Fourth Central Moment                 0.000000%
Fourth Lower Partial Moment           0.000000%
Skew                                     -8.15%
Kurtosis                                794.90%
Sharpe Ratio                              0.066
Annualized Sharpe Ratio                    1.04
Sortino Ratio                             0.093
Annualized Sortino Ratio                   1.47
Mean Absolute Deviation Ratio             0.099
First Lower Partial Moment Ratio           0.20
Value at Risk Ratio at 95%                0.045
CVaR Ratio at 95%                         0.028
Entropic Risk Measure Ratio at 95%      0.00010
EVaR Ratio at 95%                         0.018
Worst Realization Ratio                   0.012
Drawdown at Risk Ratio at 95%            0.0049
CDaR Ratio at 95%                        0.0045
Calmar Ratio                             0.0034
Average Drawdown Ratio                    0.013
EDaR Ratio at 95%                        0.0042
Ulcer Index Ratio                        0.0097
Gini Mean Difference Ratio                0.064
Avg nb of Assets per Portfolio              5.7
Number of Portfolios                         27
Number of Failed Portfolios                   0
Number of Fallback Portfolios                 0
dtype: str

========================================================================
[2026-09-26 13:12:40] OOS PSR Diagnose
========================================================================
{'prob_loss': np.float64(0.0), 'psr_median': np.float64(1.0), 'psr_5': np.float64(1.0), 'sr_obs': np.float64(0.63792375071327), 'T_total': 1947}

========================================================================
[2026-09-26 13:13:46] OOS vs 红利ETF 相对收益分布
========================================================================
      ann_excess  arith_excess      IR  winrate
5%       -0.0015       -0.0030 -0.0241   0.5003
50%       0.0225        0.0221  0.1766   0.5105
95%       0.0506        0.0516  0.4059   0.5203
mean      0.0236        0.0233  0.1860   0.5103

========================================================================
[2026-09-26 13:20:37] Ojective
========================================================================
mean(Annualized Sharpe Ratio)/2 - mean(MAXDD) + mean(SKEW)

========================================================================
[2026-09-26 13:20:37] Model Pipeline
========================================================================
Pipeline([
        # 严格模式：剔除所有包含缺失值的资产（前导/末端/内部一律剔除）。
        # 搜索（CPCV 各路径 fit）与评估/应用（各折 fit）的池口径由
        # SelectComplete 统一保证：fit 可见列 = 完整资产集，fit/predict
        # 同一掩码，无需外层人工池过滤。
        ("complete", SelectComplete(drop_assets_with_internal_nan=True)),
        ("variance", DropZeroVariance(threshold=1e-8)),
        ("extremes", SelectKExtremes(
            k=params["extremes__k"], measure=ExtraRiskMeasure.KURTOSIS, highest=False)),
        ("nondomin", SelectNonDominated(
            min_n_assets=params["nondomin__min_n_assets"],
            threshold=params["nondomin__threshold"],
            fitness_measures=fm,
        )),
        ("correlate", DropCorrelated(threshold=params["correlate__threshold"])),
        ("optimization", EqualWeighted()),
    ])

========================================================================
[2026-09-26 13:20:39] Parameter Space
========================================================================
{'nondomin__min_n_assets': {'low': 50, 'high': 60, 'step': 5}, 'nondomin__threshold': {'low': -0.5, 'high': -0.3, 'step': 0.1}, 'correlate__threshold': {'low': 0.1, 'high': 0.2, 'step': 0.1}, 'extremes__k': {'low': 0.8, 'high': 0.9, 'step': 0.1}, 'nondomin__fitness_measures': ['mean-variance-avgdd-kurt'], 'train_size': {'low': 252, 'high': 504, 'step': 252}}

========================================================================
[2026-09-26 13:20:39] Space Size
========================================================================
72

========================================================================
[2026-09-26 13:21:58] Search Parameter
========================================================================
{'test_size': 64, 'train_size': 820, 'n_test_folds': 2, 'n_jobs': 4, 'cv_n_jobs': 12, 'n_trials': 72, 'patience': 10, 'sampler': 'tpe', 'min_delta': 0.0001, 'outer_purged_size': 0, 'outer_reduce_test': False, 'seed': 42, 'verbose': True}

========================================================================
[2026-09-26 16:37:43] Best Parameter
========================================================================
    fold   score  p_luck  margin  train ASR  test ASR  nondomin__min_n_assets  nondomin__threshold  correlate__threshold  extremes__k  train_size                   fitness  n_trials
0      0  0.4099  0.6716 -0.1522     1.1535    1.8978                      55                 -0.5                   0.1          0.8         252  mean-variance-avgdd-kurt        13
1      1  0.3120  0.4051 -0.0266     1.4652    0.8094                      55                 -0.5                   0.1          0.8         504  mean-variance-avgdd-kurt        14
2      2  0.4081  0.7220 -0.0555     2.0123    2.1373                      55                 -0.4                   0.1          0.9         252  mean-variance-avgdd-kurt        13
3      3  0.9389  0.8688 -0.3469     2.4305    0.2802                      55                 -0.4                   0.1          0.9         252  mean-variance-avgdd-kurt        15
4      4  0.5982  0.1774  0.1226     1.8593    2.5597                      55                 -0.3                   0.1          0.8         252  mean-variance-avgdd-kurt        12
5      5  0.7142  0.8150 -0.2806     1.7463    0.1077                      55                 -0.5                   0.1          0.9         252  mean-variance-avgdd-kurt        15
6      6  0.7613  0.4678 -0.0060     1.1502    2.3997                      60                 -0.3                   0.1          0.9         252  mean-variance-avgdd-kurt        17
7      7  0.7278  0.9192 -1.3548     1.9600    1.9144                      50                 -0.3                   0.2          0.9         504  mean-variance-avgdd-kurt        13
8      8  0.4953  0.1592  0.0949     2.6583    5.7129                      60                 -0.5                   0.2          0.8         504  mean-variance-avgdd-kurt        12
9      9  1.2757  0.9104 -0.4667     3.4314    1.3166                      60                 -0.4                   0.2          0.9         252  mean-variance-avgdd-kurt        14
10    10  0.9525  0.0659  0.2363     2.4052    0.9864                      60                 -0.4                   0.1          0.9         252  mean-variance-avgdd-kurt        13
11    11  0.7618  0.5284 -0.0677     1.7762   -0.5278                      55                 -0.3                   0.1          0.9         252  mean-variance-avgdd-kurt        13
12    12  0.7662  0.8291 -0.1551     2.2947    0.8343                      60                 -0.3                   0.2          0.9         504  mean-variance-avgdd-kurt        16
13    13  0.4909  0.9024 -0.7464     1.7376    2.2350                      50                 -0.3                   0.2          0.9         504  mean-variance-avgdd-kurt        16
14    14  0.7566  0.7298 -0.1940     2.0749   -1.9504                      50                 -0.4                   0.1          0.9         252  mean-variance-avgdd-kurt        14
15    15  0.5474  0.3640  0.0619     1.5174   -1.5237                      55                 -0.3                   0.1          0.8         252  mean-variance-avgdd-kurt        14
16    16  0.4517  0.6626 -0.0887     1.4881    1.0401                      55                 -0.3                   0.1          0.8         504  mean-variance-avgdd-kurt        17
17    17  0.9184  0.2870  0.0522     1.3235    0.3372                      50                 -0.3                   0.1          0.9         252  mean-variance-avgdd-kurt        14
18    18  0.5594  0.5113 -0.0176     1.1214    3.8840                      55                 -0.4                   0.1          0.8         252  mean-variance-avgdd-kurt        12
19    19  1.2537  0.6492 -0.1709     2.5543    0.5661                      60                 -0.4                   0.1          0.8         252  mean-variance-avgdd-kurt        16
20    20  0.3744  0.2024  0.1016     1.3022    2.2483                      60                 -0.5                   0.2          0.8         252  mean-variance-avgdd-kurt        14
21    21  0.5387  0.2277  0.0766     0.8254    1.2606                      50                 -0.5                   0.1          0.8         252  mean-variance-avgdd-kurt        15
22    22  1.1690  0.1869  0.2060     3.2707    1.0425                      60                 -0.5                   0.2          0.8         252  mean-variance-avgdd-kurt        15
23    23  0.5695  0.0434  0.2740     1.2742   -0.1527                      60                 -0.3                   0.2          0.8         504  mean-variance-avgdd-kurt        14
24    24  0.3725  0.3101  0.0751     2.5335    2.8612                      60                 -0.4                   0.2          0.8         504  mean-variance-avgdd-kurt        11
25    25  0.1802  0.9090 -0.2346     2.8326    0.6630                      55                 -0.5                   0.2          0.8         504  mean-variance-avgdd-kurt        18
26    26 -0.1438  0.0170  0.4088     1.5688    1.0471                      50                 -0.4                   0.1          0.9         252  mean-variance-avgdd-kurt        13

========================================================================
[2026-09-26 16:38:41] OSS Summary
========================================================================
Mean                                     0.032%
Annualized Mean                           8.16%
Variance                                0.0021%
Annualized Variance                       0.53%
Semi-Variance                           0.0011%
Annualized Semi-Variance                  0.27%
Standard Deviation                        0.46%
Annualized Standard Deviation             7.27%
Semi-Deviation                            0.33%
Annualized Semi-Deviation                 5.20%
Mean Absolute Deviation                   0.30%
CVaR at 95%                               1.08%
EVaR at 95%                               1.76%
Worst Realization                         2.68%
CDaR at 95%                               5.84%
MAX Drawdown                              8.50%
Average Drawdown                          2.06%
EDaR at 95%                               6.47%
First Lower Partial Moment                0.15%
Ulcer Index                               0.028
Gini Mean Difference                      0.46%
Value at Risk at 95%                      0.64%
Drawdown at Risk at 95%                   5.52%
Entropic Risk Measure at 95%               3.00
Fourth Central Moment                 0.000000%
Fourth Lower Partial Moment           0.000000%
Skew                                    -29.72%
Kurtosis                                933.93%
Sharpe Ratio                              0.071
Annualized Sharpe Ratio                    1.12
Sortino Ratio                             0.099
Annualized Sortino Ratio                   1.57
Mean Absolute Deviation Ratio              0.11
First Lower Partial Moment Ratio           0.21
Value at Risk Ratio at 95%                0.051
CVaR Ratio at 95%                         0.030
Entropic Risk Measure Ratio at 95%      0.00011
EVaR Ratio at 95%                         0.018
Worst Realization Ratio                   0.012
Drawdown at Risk Ratio at 95%            0.0059
CDaR Ratio at 95%                        0.0055
Calmar Ratio                             0.0038
Average Drawdown Ratio                    0.016
EDaR Ratio at 95%                        0.0050
Ulcer Index Ratio                         0.012
Gini Mean Difference Ratio                0.070
Avg nb of Assets per Portfolio              6.7
Number of Portfolios                         27
Number of Failed Portfolios                   0
Number of Fallback Portfolios                 0
dtype: str

========================================================================
[2026-09-26 16:39:33] Ojective
========================================================================
mean(Annualized Sharpe Ratio)/2 - mean(MAXDD) + mean(SKEW)

========================================================================
[2026-09-26 16:39:33] Model Pipeline
========================================================================
Pipeline([
        # 严格模式：剔除所有包含缺失值的资产（前导/末端/内部一律剔除）。
        # 搜索（CPCV 各路径 fit）与评估/应用（各折 fit）的池口径由
        # SelectComplete 统一保证：fit 可见列 = 完整资产集，fit/predict
        # 同一掩码，无需外层人工池过滤。
        ("complete", SelectComplete(drop_assets_with_internal_nan=True)),
        ("variance", DropZeroVariance(threshold=1e-8)),
        ("extremes", SelectKExtremes(
            k=params["extremes__k"], measure=ExtraRiskMeasure.KURTOSIS, highest=False)),
        ("nondomin", SelectNonDominated(
            min_n_assets=params["nondomin__min_n_assets"],
            threshold=params["nondomin__threshold"],
            fitness_measures=fm,
        )),
        ("correlate", DropCorrelated(threshold=params["correlate__threshold"])),
        ("optimization", EqualWeighted()),
    ])

========================================================================
[2026-09-26 16:40:25] Parameter Space
========================================================================
{'nondomin__min_n_assets': {'low': 45, 'high': 45, 'step': 5}, 'nondomin__threshold': {'low': -0.5, 'high': -0.5, 'step': 0.1}, 'correlate__threshold': {'low': 0.1, 'high': 0.2, 'step': 0.1}, 'extremes__k': {'low': 0.9, 'high': 0.9, 'step': 0.1}, 'nondomin__fitness_measures': ['mean-variance-kurt'], 'train_size': {'low': 252, 'high': 504, 'step': 252}}

========================================================================
[2026-09-26 16:40:25] Space Size
========================================================================
4

========================================================================
[2026-09-26 16:40:44] Search Parameter
========================================================================
{'test_size': 64, 'train_size': 820, 'n_test_folds': 2, 'n_jobs': 4, 'cv_n_jobs': 12, 'n_trials': 4, 'patience': 10, 'sampler': 'tpe', 'min_delta': 0.0001, 'outer_purged_size': 0, 'outer_reduce_test': False, 'seed': 42, 'verbose': True}

========================================================================
[2026-09-26 17:07:48] Best Parameter
========================================================================
    fold   score  p_luck  margin  train ASR  test ASR  nondomin__min_n_assets  nondomin__threshold  correlate__threshold  extremes__k  train_size             fitness  n_trials
0      0 -0.0444     1.0     0.0     1.9571    4.3077                      45                 -0.5                   0.1          0.9         252  mean-variance-kurt         3
1      1  0.0201     1.0     0.0     2.4144   -0.3544                      45                 -0.5                   0.1          0.9         252  mean-variance-kurt         2
2      2  0.1368     1.0     0.0     1.6943    3.1173                      45                 -0.5                   0.2          0.9         504  mean-variance-kurt         2
3      3  1.0475     1.0     0.0     1.5735   -0.8337                      45                 -0.5                   0.1          0.9         252  mean-variance-kurt         2
4      4  0.3904     1.0     0.0     2.4074    3.6985                      45                 -0.5                   0.2          0.9         252  mean-variance-kurt         2
5      5  0.6464     1.0     0.0     1.5055    1.5423                      45                 -0.5                   0.1          0.9         252  mean-variance-kurt         2
6      6  0.5912     1.0     0.0     1.9101    0.7951                      45                 -0.5                   0.2          0.9         504  mean-variance-kurt         3
7      7  0.7795     1.0     0.0     2.2058    2.1544                      45                 -0.5                   0.2          0.9         504  mean-variance-kurt         2
8      8  0.2104     1.0     0.0     3.2705    6.4352                      45                 -0.5                   0.1          0.9         504  mean-variance-kurt         3
9      9  1.4695     1.0     0.0     2.4748    0.9347                      45                 -0.5                   0.2          0.9         252  mean-variance-kurt         4
10    10  0.3838     1.0     0.0     2.4052    0.9864                      45                 -0.5                   0.1          0.9         252  mean-variance-kurt         2
11    11  0.4123     1.0     0.0     1.5569   -0.4774                      45                 -0.5                   0.1          0.9         252  mean-variance-kurt         4
12    12  0.0479     1.0     0.0     1.4475    2.4187                      45                 -0.5                   0.1          0.9         504  mean-variance-kurt         2
13    13  0.3433     1.0     0.0     1.6557    1.8818                      45                 -0.5                   0.2          0.9         504  mean-variance-kurt         2
14    14  0.5457     1.0     0.0     1.0916    0.6738                      45                 -0.5                   0.1          0.9         504  mean-variance-kurt         3
15    15  0.1443     1.0     0.0     0.8887   -0.9332                      45                 -0.5                   0.1          0.9         252  mean-variance-kurt         2
16    16  0.2222     1.0     0.0     1.8890    0.6983                      45                 -0.5                   0.1          0.9         504  mean-variance-kurt         3
17    17  0.8099     1.0     0.0     1.3235    0.3372                      45                 -0.5                   0.1          0.9         252  mean-variance-kurt         4
18    18  0.6256     1.0     0.0     1.0243    3.8178                      45                 -0.5                   0.1          0.9         252  mean-variance-kurt         3
19    19  0.8147     1.0     0.0     2.1072   -1.8291                      45                 -0.5                   0.2          0.9         252  mean-variance-kurt         3
20    20  0.1109     1.0     0.0     2.7019    2.2107                      45                 -0.5                   0.2          0.9         252  mean-variance-kurt         3
21    21  0.3008     1.0     0.0     2.1702    0.5309                      45                 -0.5                   0.1          0.9         504  mean-variance-kurt         3
22    22  0.5462     1.0     0.0     3.7119    3.0022                      45                 -0.5                   0.2          0.9         252  mean-variance-kurt         4
23    23  0.2028     1.0     0.0     1.7369    2.9724                      45                 -0.5                   0.2          0.9         504  mean-variance-kurt         3
24    24  0.4171     1.0     0.0     1.6959    2.3055                      45                 -0.5                   0.2          0.9         504  mean-variance-kurt         2
25    25  0.0682     1.0     0.0     2.4419   -0.1626                      45                 -0.5                   0.2          0.9         504  mean-variance-kurt         3
26    26  0.3702     1.0     0.0     0.9270   -0.8290                      45                 -0.5                   0.1          0.9         252  mean-variance-kurt         2

========================================================================
[2026-09-26 17:09:38] OSS Summary
========================================================================
Mean                                     0.035%
Annualized Mean                           8.74%
Variance                                0.0023%
Annualized Variance                       0.57%
Semi-Variance                           0.0012%
Annualized Semi-Variance                  0.30%
Standard Deviation                        0.48%
Annualized Standard Deviation             7.57%
Semi-Deviation                            0.34%
Annualized Semi-Deviation                 5.44%
Mean Absolute Deviation                   0.32%
CVaR at 95%                               1.13%
EVaR at 95%                               1.85%
Worst Realization                         3.27%
CDaR at 95%                               7.01%
MAX Drawdown                              8.52%
Average Drawdown                          2.29%
EDaR at 95%                               7.28%
First Lower Partial Moment                0.16%
Ulcer Index                               0.031
Gini Mean Difference                      0.48%
Value at Risk at 95%                      0.68%
Drawdown at Risk at 95%                   6.47%
Entropic Risk Measure at 95%               3.00
Fourth Central Moment                 0.000000%
Fourth Lower Partial Moment           0.000000%
Skew                                    -26.68%
Kurtosis                                901.14%
Sharpe Ratio                              0.073
Annualized Sharpe Ratio                    1.15
Sortino Ratio                              0.10
Annualized Sortino Ratio                   1.61
Mean Absolute Deviation Ratio              0.11
First Lower Partial Moment Ratio           0.22
Value at Risk Ratio at 95%                0.051
CVaR Ratio at 95%                         0.031
Entropic Risk Measure Ratio at 95%      0.00012
EVaR Ratio at 95%                         0.019
Worst Realization Ratio                   0.011
Drawdown at Risk Ratio at 95%            0.0054
CDaR Ratio at 95%                        0.0050
Calmar Ratio                             0.0041
Average Drawdown Ratio                    0.015
EDaR Ratio at 95%                        0.0048
Ulcer Index Ratio                         0.011
Gini Mean Difference Ratio                0.072
Avg nb of Assets per Portfolio              6.1
Number of Portfolios                         27
Number of Failed Portfolios                   0
Number of Fallback Portfolios                 0
dtype: str
