
========================================================================
[2026-09-04 17:41:01] Ojective
========================================================================
mean(ASR) - mean(MDD) + mean(SKEW)

========================================================================
[2026-09-04 17:41:32] Parameter Space
========================================================================
{'nondomin__min_n_assets': {'low': 10, 'high': 25, 'step': 5}, 'nondomin__threshold': {'low': -0.5, 'high': -0.3, 'step': 0.1}, 'correlate__threshold': {'low': 0.1, 'high': 0.5, 'step': 0.1}, 'extremes__k': {'low': 0.1, 'high': 0.5, 'step': 0.1}, 'nondomin__fitness_measures': ['mean-variance', 'mean-variance-maxdd', 'mean-variance-avgdd', 'mean-semideviation-avgdd', 'mean-mad-maxdd', 'mean-mad-avgdd', 'mean-mad-maxdd-cvar', 'mean-mad-maxdd-cvar-sharpe', 'mean-mad-avgdd-cvar', 'mean-mad-avgdd-cvar-sharpe'], 'train_size': {'low': 252, 'high': 756, 'step': 126}}

========================================================================
[2026-09-05 12:31:29] Best Parameter
========================================================================
    fold  inner_median  nondomin__min_n_assets  nondomin__threshold  correlate__threshold  extremes__k  train_size                     fitness
0      0        0.4325                      15                 -0.3                   0.3          0.5         630               mean-variance
1      1        0.5200                      25                 -0.4                   0.2          0.5         252               mean-variance
2      2        2.7791                      15                 -0.4                   0.2          0.3         252  mean-mad-avgdd-cvar-sharpe
3      3        2.5729                      10                 -0.4                   0.3          0.4         252              mean-mad-maxdd
4      4        1.7660                      15                 -0.5                   0.3          0.5         504               mean-variance
5      5        1.8819                      20                 -0.4                   0.1          0.1         252         mean-variance-maxdd
6      6        1.1315                      20                 -0.3                   0.3          0.4         630         mean-variance-avgdd
7      7        1.2516                      25                 -0.3                   0.1          0.5         504    mean-semideviation-avgdd
8      8        1.0989                      25                 -0.4                   0.1          0.2         630              mean-mad-avgdd
9      9        1.1873                      10                 -0.4                   0.1          0.3         252         mean-mad-avgdd-cvar
10    10        0.3972                      25                 -0.5                   0.1          0.5         378              mean-mad-maxdd
11    11        2.5715                      25                 -0.5                   0.5          0.3         756         mean-variance-avgdd
12    12        1.6632                      10                 -0.5                   0.3          0.3         630               mean-variance

========================================================================
[2026-09-05 12:39:53] OSS Summary
========================================================================
Mean                                     0.051%
Annualized Mean                          12.96%
Variance                                0.0090%
Annualized Variance                       2.26%
Semi-Variance                           0.0046%
Annualized Semi-Variance                  1.16%
Standard Deviation                        0.95%
Annualized Standard Deviation            15.03%
Semi-Deviation                            0.68%
Annualized Semi-Deviation                10.76%
Mean Absolute Deviation                   0.48%
CVaR at 95%                               2.28%
EVaR at 95%                               4.76%
Worst Realization                         8.06%
CDaR at 95%                              20.70%
MAX Drawdown                             30.84%
Average Drawdown                          6.30%
EDaR at 95%                              24.52%
First Lower Partial Moment                0.24%
Ulcer Index                               0.089
Gini Mean Difference                      0.79%
Value at Risk at 95%                      0.96%
Drawdown at Risk at 95%                  17.50%
Entropic Risk Measure at 95%               3.00
Fourth Central Moment                 0.000018%
Fourth Lower Partial Moment           0.000011%
Skew                                    -49.46%
Kurtosis                               2230.34%
Sharpe Ratio                              0.054
Annualized Sharpe Ratio                    0.86
Sortino Ratio                             0.076
Annualized Sortino Ratio                   1.21
Mean Absolute Deviation Ratio              0.11
First Lower Partial Moment Ratio           0.21
Value at Risk Ratio at 95%                0.053
CVaR Ratio at 95%                         0.023
Entropic Risk Measure Ratio at 95%      0.00017
EVaR Ratio at 95%                         0.011
Worst Realization Ratio                  0.0064
Drawdown at Risk Ratio at 95%            0.0029
CDaR Ratio at 95%                        0.0025
Calmar Ratio                             0.0017
Average Drawdown Ratio                   0.0082
EDaR Ratio at 95%                        0.0021
Ulcer Index Ratio                        0.0058
Gini Mean Difference Ratio                0.065
Avg nb of Assets per Portfolio              4.5
Number of Portfolios                         13
Number of Failed Portfolios                   0
Number of Fallback Portfolios                 0
dtype: str

========================================================================
[2026-09-05 12:42:36] OSS DSR Diagnose
========================================================================
{'prob_loss': np.float64(0.007), 'dsr': np.float64(1.0), 'sr_obs': np.float64(0.49640072605547425), 'e_max': 0.0, 'z_score': np.float64(13.186241904494755), 'T_total': 1638, 'n_trials': 1}

========================================================================
[2026-09-05 12:49:55] 4.2 A3 vs 沪深300 相对收益分布
========================================================================
      ann_excess  arith_excess      IR  winrate
5%       -0.0032       -0.0163 -0.0997   0.5018
50%       0.0350        0.0235  0.1467   0.5140
95%       0.0757        0.0658  0.4120   0.5269
mean      0.0362        0.0248  0.1534   0.5142

========================================================================
[2026-09-05 14:07:54] Ojective
========================================================================
median(ASR) - median(MDD) + median(SKEW)

========================================================================
[2026-09-05 14:09:36] Parameter Space
========================================================================
{'nondomin__min_n_assets': {'low': 10, 'high': 25, 'step': 5}, 'nondomin__threshold': {'low': -0.5, 'high': -0.3, 'step': 0.2}, 'correlate__threshold': {'low': 0.1, 'high': 0.5, 'step': 0.2}, 'extremes__k': {'low': 0.2, 'high': 0.6, 'step': 0.2}, 'nondomin__fitness_measures': ['mean-variance', 'mean-variance-cvar', 'mean-variance-avgdd', 'mean-mad', 'mean-mad-avgdd', 'mean-mad-cvar'], 'train_size': {'low': 252, 'high': 756, 'step': 126}}

========================================================================
[2026-09-05 17:23:26] Best Parameter
========================================================================
    fold  inner_median  nondomin__min_n_assets  nondomin__threshold  correlate__threshold  extremes__k  train_size              fitness
0      0        0.5524                      15                 -0.3                   0.3          0.6         630        mean-mad-cvar
1      1        1.0665                      25                 -0.5                   0.1          0.6         252       mean-mad-avgdd
2      2        2.3578                      25                 -0.3                   0.5          0.4         252        mean-variance
3      3        2.1419                      15                 -0.3                   0.1          0.4         252  mean-variance-avgdd
4      4        2.3577                      25                 -0.3                   0.3          0.4         378        mean-mad-cvar
5      5        1.7606                      25                 -0.3                   0.3          0.6         504   mean-variance-cvar
6      6        1.2488                      20                 -0.3                   0.1          0.4         378             mean-mad
7      7        1.2233                      25                 -0.5                   0.1          0.6         504       mean-mad-avgdd
8      8        1.2371                      25                 -0.3                   0.1          0.6         756             mean-mad
9      9        1.2652                      10                 -0.3                   0.1          0.2         252   mean-variance-cvar
10    10        0.5737                      25                 -0.5                   0.1          0.2         756        mean-variance
11    11        1.9334                      25                 -0.3                   0.3          0.2         252       mean-mad-avgdd
12    12        2.5388                      15                 -0.3                   0.5          0.2         252  mean-variance-avgdd

========================================================================
[2026-09-05 17:26:57] OSS Summary
========================================================================
Mean                                     0.038%
Annualized Mean                           9.57%
Variance                                0.0048%
Annualized Variance                       1.22%
Semi-Variance                           0.0024%
Annualized Semi-Variance                  0.61%
Standard Deviation                        0.70%
Annualized Standard Deviation            11.04%
Semi-Deviation                            0.49%
Annualized Semi-Deviation                 7.80%
Mean Absolute Deviation                   0.40%
CVaR at 95%                               1.53%
EVaR at 95%                               4.97%
Worst Realization                         9.85%
CDaR at 95%                               8.54%
MAX Drawdown                             10.86%
Average Drawdown                          3.21%
EDaR at 95%                               9.12%
First Lower Partial Moment                0.20%
Ulcer Index                               0.040
Gini Mean Difference                      0.63%
Value at Risk at 95%                      0.84%
Drawdown at Risk at 95%                   7.71%
Entropic Risk Measure at 95%               3.00
Fourth Central Moment                 0.000011%
Fourth Lower Partial Moment           0.000006%
Skew                                    -41.28%
Kurtosis                               4503.15%
Sharpe Ratio                              0.055
Annualized Sharpe Ratio                    0.87
Sortino Ratio                             0.077
Annualized Sortino Ratio                   1.23
Mean Absolute Deviation Ratio             0.094
First Lower Partial Moment Ratio           0.19
Value at Risk Ratio at 95%                0.045
CVaR Ratio at 95%                         0.025
Entropic Risk Measure Ratio at 95%      0.00013
EVaR Ratio at 95%                        0.0076
Worst Realization Ratio                  0.0039
Drawdown at Risk Ratio at 95%            0.0049
CDaR Ratio at 95%                        0.0044
Calmar Ratio                             0.0035
Average Drawdown Ratio                    0.012
EDaR Ratio at 95%                        0.0042
Ulcer Index Ratio                        0.0094
Gini Mean Difference Ratio                0.060
Avg nb of Assets per Portfolio              5.5
Number of Portfolios                         13
Number of Failed Portfolios                   0
Number of Fallback Portfolios                 0
dtype: str

========================================================================
[2026-09-05 17:27:35] OSS DSR Diagnose
========================================================================
{'prob_loss': np.float64(0.024), 'dsr': np.float64(1.0), 'sr_obs': np.float64(0.47791848431548456), 'e_max': 0.0, 'z_score': np.float64(14.320622701259435), 'T_total': 1638, 'n_trials': 1}

========================================================================
[2026-09-05 17:28:08] 4.2 A3 vs 沪深300 相对收益分布
========================================================================
      ann_excess  arith_excess      IR  winrate
5%       -0.0127       -0.0261 -0.1609   0.4988
50%       0.0262        0.0144  0.0930   0.5085
95%       0.0615        0.0511  0.3344   0.5195
mean      0.0252        0.0133  0.0889   0.5087

========================================================================
[2026-09-06 20:17:29] Ojective
========================================================================
mean(Annulized Sharpe Ratio) + mean(Skew) - mean(Max Drawdown)

========================================================================
[2026-09-06 20:17:43] Parameter Space
========================================================================
{'nondomin__min_n_assets': {'low': 5, 'high': 25, 'step': 5}, 'nondomin__threshold': {'low': -0.5, 'high': -0.3, 'step': 0.1}, 'correlate__threshold': {'low': 0.1, 'high': 0.5, 'step': 0.1}, 'extremes__k': {'low': 0.1, 'high': 0.5, 'step': 0.1}, 'nondomin__fitness_measures': ['mean-variance', 'mean-variance-maxdd', 'mean-variance-avgdd', 'mean-semideviation-avgdd', 'mean-mad-maxdd', 'mean-mad-avgdd', 'mean-mad-maxdd-cvar', 'mean-mad-maxdd-cvar-sharpe', 'mean-mad-avgdd-cvar', 'mean-mad-avgdd-cvar-sharpe'], 'train_size': {'low': 252, 'high': 756, 'step': 252}}

========================================================================
[2026-09-06 21:10:45]  Test Folds
========================================================================
n_test_folds = 2

========================================================================
[2026-09-06 21:14:07] Best Parameter
========================================================================
    fold   score  train ASR  test ASR  nondomin__min_n_assets  nondomin__threshold  correlate__threshold  extremes__k  train_size                     fitness
0      0  0.5800     0.2645    4.4031                      10                 -0.4                   0.1          0.4         756         mean-variance-avgdd
1      1  0.6732     1.3469    0.9572                      20                 -0.3                   0.1          0.4         252         mean-mad-maxdd-cvar
2      2  2.5406     2.0714    2.8326                      20                 -0.4                   0.2          0.2         252               mean-variance
3      3  2.6233     2.5827    0.0422                       5                 -0.4                   0.3          0.3         252              mean-mad-maxdd
4      4  2.1508     2.3169    3.5215                      15                 -0.4                   0.2          0.4         504               mean-variance
5      5  1.8074     1.4530   -0.2835                      10                 -0.3                   0.2          0.5         504    mean-semideviation-avgdd
6      6  0.8961     0.9138    1.0999                      25                 -0.5                   0.1          0.4         252         mean-variance-maxdd
7      7  1.2516     0.6787    2.6008                      25                 -0.3                   0.1          0.5         504    mean-semideviation-avgdd
8      8  0.8895     1.1554    0.3217                      15                 -0.3                   0.1          0.4         756    mean-semideviation-avgdd
9      9  1.1596     0.7940   -0.8766                      10                 -0.4                   0.1          0.2         252  mean-mad-maxdd-cvar-sharpe
10    10  0.1367     1.0715    1.8841                      20                 -0.3                   0.3          0.5         756         mean-variance-maxdd
11    11  1.9548     3.7815    1.2961                      15                 -0.5                   0.5          0.2         252         mean-mad-maxdd-cvar
12    12  1.6055     1.8453    1.8162                      20                 -0.3                   0.1          0.3         252  mean-mad-avgdd-cvar-sharpe

========================================================================
[2026-09-06 21:15:48] OSS Summary
========================================================================
Mean                                     0.036%
Annualized Mean                           8.96%
Variance                                0.0033%
Annualized Variance                       0.83%
Semi-Variance                           0.0017%
Annualized Semi-Variance                  0.42%
Standard Deviation                        0.57%
Annualized Standard Deviation             9.10%
Semi-Deviation                            0.41%
Annualized Semi-Deviation                 6.47%
Mean Absolute Deviation                   0.38%
CVaR at 95%                               1.30%
EVaR at 95%                               2.38%
Worst Realization                         4.26%
CDaR at 95%                               9.15%
MAX Drawdown                             13.65%
Average Drawdown                          2.11%
EDaR at 95%                              10.59%
First Lower Partial Moment                0.19%
Ulcer Index                               0.032
Gini Mean Difference                      0.58%
Value at Risk at 95%                      0.84%
Drawdown at Risk at 95%                   7.17%
Entropic Risk Measure at 95%               3.00
Fourth Central Moment                 0.000001%
Fourth Lower Partial Moment           0.000001%
Skew                                    -22.30%
Kurtosis                               1004.06%
Sharpe Ratio                              0.062
Annualized Sharpe Ratio                    0.99
Sortino Ratio                             0.087
Annualized Sortino Ratio                   1.38
Mean Absolute Deviation Ratio             0.093
First Lower Partial Moment Ratio           0.19
Value at Risk Ratio at 95%                0.043
CVaR Ratio at 95%                         0.027
Entropic Risk Measure Ratio at 95%      0.00012
EVaR Ratio at 95%                         0.015
Worst Realization Ratio                  0.0084
Drawdown at Risk Ratio at 95%            0.0050
CDaR Ratio at 95%                        0.0039
Calmar Ratio                             0.0026
Average Drawdown Ratio                    0.017
EDaR Ratio at 95%                        0.0034
Ulcer Index Ratio                         0.011
Gini Mean Difference Ratio                0.061
Avg nb of Assets per Portfolio              4.1
Number of Portfolios                         13
Number of Failed Portfolios                   0
Number of Fallback Portfolios                 0
dtype: str

========================================================================
[2026-09-06 21:16:00] OSS DSR Diagnose
========================================================================
{'prob_loss': np.float64(0.0), 'dsr': np.float64(1.0), 'sr_obs': np.float64(0.6576263636226944), 'e_max': 0.0, 'z_score': np.float64(17.39243911900445), 'T_total': 1512, 'n_trials': 1}

========================================================================
[2026-09-06 21:16:47] 4.2 A3 vs 沪深300 相对收益分布
========================================================================
      ann_excess  arith_excess      IR  winrate
5%        0.0259        0.0129  0.0804   0.5066
50%       0.0714        0.0599  0.3607   0.5218
95%       0.1165        0.1064  0.6071   0.5344
mean      0.0713        0.0598  0.3541   0.5213

========================================================================
[2026-09-06 21:18:37] Ojective
========================================================================
mean(Annulized Sharpe Ratio) + mean(Skew) - mean(Max Drawdown)

========================================================================
[2026-09-06 21:18:50] Parameter Space
========================================================================
{'nondomin__min_n_assets': {'low': 5, 'high': 25, 'step': 5}, 'nondomin__threshold': {'low': -0.5, 'high': -0.3, 'step': 0.1}, 'correlate__threshold': {'low': 0.1, 'high': 0.5, 'step': 0.1}, 'extremes__k': {'low': 0.1, 'high': 0.5, 'step': 0.1}, 'nondomin__fitness_measures': ['mean-variance', 'mean-variance-maxdd', 'mean-variance-avgdd', 'mean-semideviation-avgdd', 'mean-mad-maxdd', 'mean-mad-avgdd', 'mean-mad-maxdd-cvar', 'mean-mad-maxdd-cvar-sharpe', 'mean-mad-avgdd-cvar', 'mean-mad-avgdd-cvar-sharpe'], 'train_size': {'low': 252, 'high': 756, 'step': 252}}

========================================================================
[2026-09-06 22:50:03]  Test Folds
========================================================================
n_test_folds = 2

========================================================================
[2026-09-06 22:57:21] Best Parameter
========================================================================
    fold   score  train ASR  test ASR  nondomin__min_n_assets  nondomin__threshold  correlate__threshold  extremes__k  train_size                     fitness
0      0  0.5800     0.2645    4.4031                      10                 -0.5                   0.1          0.4         756         mean-variance-avgdd
1      1  0.8585     1.3469    0.9572                       5                 -0.4                   0.2          0.4         252  mean-mad-maxdd-cvar-sharpe
2      2  2.4494     3.1178    1.5036                      20                 -0.5                   0.5          0.2         252         mean-variance-maxdd
3      3  2.5127     3.7744    0.0256                      10                 -0.4                   0.3          0.5         252         mean-mad-maxdd-cvar
4      4  1.9884     2.5799    0.3286                      25                 -0.3                   0.3          0.4         504              mean-mad-maxdd
5      5  1.7367    -0.0804    1.5968                      20                 -0.3                   0.1          0.1         252               mean-variance
6      6  0.7704     1.0702    0.7254                      20                 -0.3                   0.2          0.4         504  mean-mad-avgdd-cvar-sharpe
7      7  1.1400     0.7840   -0.6155                      25                 -0.3                   0.1          0.4         504         mean-mad-maxdd-cvar
8      8  0.8895     1.1554    0.3217                      15                 -0.3                   0.1          0.4         756    mean-semideviation-avgdd
9      9  1.2367     1.3738   -0.8899                       5                 -0.3                   0.1          0.3         252         mean-mad-maxdd-cvar
10    10  0.2061     1.3940    2.4541                      15                 -0.3                   0.1          0.5         756    mean-semideviation-avgdd
11    11  1.8956     1.3992    1.4288                      25                 -0.5                   0.5          0.1         252    mean-semideviation-avgdd
12    12  1.4423     2.0048    1.5523                      25                 -0.3                   0.2          0.1         252         mean-variance-avgdd

========================================================================
[2026-09-06 23:01:12] OSS Summary
========================================================================
Mean                                     0.053%
Annualized Mean                          13.26%
Variance                                0.0098%
Annualized Variance                       2.46%
Semi-Variance                           0.0049%
Annualized Semi-Variance                  1.23%
Standard Deviation                        0.99%
Annualized Standard Deviation            15.69%
Semi-Deviation                            0.70%
Annualized Semi-Deviation                11.11%
Mean Absolute Deviation                   0.56%
CVaR at 95%                               2.29%
EVaR at 95%                               4.76%
Worst Realization                         8.06%
CDaR at 95%                              19.76%
MAX Drawdown                             35.63%
Average Drawdown                          5.63%
EDaR at 95%                              26.64%
First Lower Partial Moment                0.28%
Ulcer Index                               0.078
Gini Mean Difference                      0.88%
Value at Risk at 95%                      1.09%
Drawdown at Risk at 95%                  13.42%
Entropic Risk Measure at 95%               3.00
Fourth Central Moment                 0.000018%
Fourth Lower Partial Moment           0.000011%
Skew                                    -35.58%
Kurtosis                               1908.58%
Sharpe Ratio                              0.053
Annualized Sharpe Ratio                    0.85
Sortino Ratio                             0.075
Annualized Sortino Ratio                   1.19
Mean Absolute Deviation Ratio             0.094
First Lower Partial Moment Ratio           0.19
Value at Risk Ratio at 95%                0.048
CVaR Ratio at 95%                         0.023
Entropic Risk Measure Ratio at 95%      0.00018
EVaR Ratio at 95%                         0.011
Worst Realization Ratio                  0.0065
Drawdown at Risk Ratio at 95%            0.0039
CDaR Ratio at 95%                        0.0027
Calmar Ratio                             0.0015
Average Drawdown Ratio                   0.0094
EDaR Ratio at 95%                        0.0020
Ulcer Index Ratio                        0.0067
Gini Mean Difference Ratio                0.060
Avg nb of Assets per Portfolio              4.7
Number of Portfolios                         13
Number of Failed Portfolios                   0
Number of Fallback Portfolios                 0
dtype: str

========================================================================
[2026-09-06 23:01:32] OSS DSR Diagnose
========================================================================
{'prob_loss': np.float64(0.001), 'dsr': np.float64(1.0), 'sr_obs': np.float64(0.6146306087350406), 'e_max': 0.0, 'z_score': np.float64(14.179929450975557), 'T_total': 1638, 'n_trials': 1}

========================================================================
[2026-09-06 23:01:51] 4.2 A3 vs 沪深300 相对收益分布
========================================================================
      ann_excess  arith_excess      IR  winrate
5%        0.0127        0.0003  0.0019   0.5031
50%       0.0522        0.0414  0.2482   0.5147
95%       0.0996        0.0907  0.5003   0.5263
mean      0.0532        0.0425  0.2451   0.5146

========================================================================
[2026-09-14 00:24:17] Ojective
========================================================================
mean(Annualized Sharpe Ratio)/2 - mean(MAXDD) + mean(SKEW)

========================================================================
[2026-09-14 00:24:17] Model Pipeline
========================================================================
Pipeline([
        ("complete", SelectComplete(drop_assets_with_internal_nan=False)),
        ("variance", DropZeroVariance(threshold=1e-8)),
        ("extremes", SelectKExtremes(
            k=params["extremes__k"], measure=ExtraRiskMeasure.KURTOSIS, highest=False)),
        ("nondomin", SelectNonDominated(
            min_n_assets=params["nondomin__min_n_assets"],
            threshold=params["nondomin__threshold"],
            fitness_measures=fm,
        )),
        ("correlate", DropCorrelated(threshold=params["correlate__threshold"])),
        ("optimization", EqualWeighted()),
    ])

========================================================================
[2026-09-14 00:25:38] Parameter Space
========================================================================
{'nondomin__min_n_assets': {'low': 5, 'high': 55, 'step': 5}, 'nondomin__threshold': {'low': -0.5, 'high': -0.3, 'step': 0.1}, 'correlate__threshold': {'low': 0.1, 'high': 0.5, 'step': 0.1}, 'extremes__k': {'low': 0.1, 'high': 0.6, 'step': 0.1}, 'nondomin__fitness_measures': ['mean-variance-kurt', 'mean-variance-maxdd-kurt', 'mean-variance-avgdd-kurt', 'mean-semideviation-avgdd', 'mean-mad-maxdd-kurt', 'mean-mad-avgdd-kurt', 'mean-mad-maxdd-cvar-kurt', 'mean-mad-maxdd-cvar-sharpe', 'mean-mad-avgdd-cvar-kurt', 'mean-mad-avgdd-cvar-sharpe'], 'train_size': {'low': 252, 'high': 756, 'step': 126}}

========================================================================
[2026-09-14 00:27:03] Search Parameter
========================================================================
{'test_size': 126, 'train_size': 882, 'n_test_folds': 2, 'n_jobs': 4, 'cv_n_jobs': 8, 'n_trials': 2000, 'patience': 50, 'sampler': 'tpe', 'min_delta': 0.0001, 'outer_purged_size': 1, 'outer_reduce_test': False, 'seed': 42, 'verbose': True}

========================================================================
[2026-09-14 02:26:26] Best Parameter
========================================================================
    fold   score     dsr  sr_obs  margin  train ASR  test ASR  nondomin__min_n_assets  nondomin__threshold  correlate__threshold  extremes__k  train_size                     fitness  n_trials
0      0  0.8437  0.0314  0.8437 -0.3559     1.1187    3.0007                      40                 -0.5                   0.1          0.6         252    mean-mad-avgdd-cvar-kurt        71
1      1  1.1423  0.5008  1.1423 -0.0214     1.7564    2.2174                      50                 -0.5                   0.2          0.6         252  mean-mad-maxdd-cvar-sharpe        72
2      2  0.7761  0.5345  0.7761 -0.0032     1.5136   -0.4304                      35                 -0.4                   0.2          0.5         378  mean-mad-avgdd-cvar-sharpe        88
3      3  0.7168  0.3257  0.7168 -0.0752     1.4198    2.7916                      15                 -0.5                   0.2          0.5         504    mean-semideviation-avgdd        78
4      4  1.6075  0.9640  1.6075  0.4399     0.8568    2.1501                      45                 -0.3                   0.1          0.4         252    mean-variance-maxdd-kurt        66
5      5  0.7407  0.4139  0.7407 -0.0452     1.6787    0.2044                      45                 -0.3                   0.3          0.5         378    mean-semideviation-avgdd        70
6      6  0.5820  0.0724  0.5820 -0.1763     1.0104    0.9611                      30                 -0.5                   0.1          0.6         504  mean-mad-avgdd-cvar-sharpe        89
7      7  0.6260  0.1511  0.6260 -0.1404     0.4841    1.2212                      35                 -0.3                   0.1          0.6         504    mean-mad-maxdd-cvar-kurt        78
8      8  0.5898  0.1242  0.5898 -0.1543     1.1674    2.2076                      15                 -0.3                   0.1          0.4         756    mean-semideviation-avgdd        69
9      9  1.1743  0.4896  1.1743 -0.0289     1.2722    0.4347                      20                 -0.3                   0.1          0.6         252    mean-variance-avgdd-kurt        73
10    10  2.1171  0.9710  2.1171  0.5930     1.2076    0.8599                      50                 -0.4                   0.2          0.3         756  mean-mad-maxdd-cvar-sharpe        79
11    11  0.6490  0.0661  0.6490 -0.2255     0.9446    3.0448                      15                 -0.5                   0.1          0.4         378          mean-variance-kurt        67
12    12  1.3011  0.2977  1.3011 -0.1649     1.0648   -1.0700                      10                 -0.4                   0.1          0.1         756          mean-variance-kurt        65


========================================================================
[2026-09-14 02:32:34] Top 10 参数组合OOS:ASR,MEAN,MAXDD
========================================================================
      annualized_sharpe_ratio  annualized_mean  max_drawdown
rank                                                        
1                    1.351959         0.126786      0.106783
2                    1.075185         0.094841      0.106783
3                    0.994801         0.079243      0.097372
4                    1.082104         0.086211      0.084887
5                    1.261728         0.104437      0.089624
6                    1.279105         0.118144      0.106783
7                    1.276175         0.112753      0.107089
8                    1.063306         0.092045      0.106783
9                    0.684915         0.060083      0.188325
10                   1.105932         0.098770      0.123833

========================================================================
[2026-09-14 02:45:01] 消融实验
========================================================================
                                            说明  折数    天数  annualized_mean  annualized_sharpe_ratio  max_drawdown      skew   kurtosis
臂                                                                                                                                    
full                                   全管线（基准）  13  1638         0.126786                 1.351959      0.106783 -0.168806   8.971582
no_extremes              无峰度预筛（剔除 extremes 步骤）  13  1638         0.070502                 1.136836      0.081673 -0.249752  12.785712
no_nondomin             无非支配筛选（剔除 nondomin 步骤）  13  1638         0.113074                 1.195543      0.096342 -0.588667   9.059370
no_correlate             无去相关（剔除 correlate 步骤）  13  1638         0.089402                 0.691065      0.295571 -0.217578  11.506234
no_extremes_correlate  剔除 extremes + correlate  13  1638         0.091271                 0.898612      0.207247  0.029218  11.758804

========================================================================
[2026-09-14 02:58:19] OSS Summary
========================================================================
Mean                                     0.050%
Annualized Mean                          12.68%
Variance                                0.0035%
Annualized Variance                       0.88%
Semi-Variance                           0.0017%
Annualized Semi-Variance                  0.44%
Standard Deviation                        0.59%
Annualized Standard Deviation             9.38%
Semi-Deviation                            0.42%
Annualized Semi-Deviation                 6.63%
Mean Absolute Deviation                   0.40%
CVaR at 95%                               1.32%
EVaR at 95%                               2.39%
Worst Realization                         4.20%
CDaR at 95%                               7.69%
MAX Drawdown                             10.30%
Average Drawdown                          2.45%
EDaR at 95%                               8.47%
First Lower Partial Moment                0.20%
Ulcer Index                               0.034
Gini Mean Difference                      0.61%
Value at Risk at 95%                      0.85%
Drawdown at Risk at 95%                   6.90%
Entropic Risk Measure at 95%               3.00
Fourth Central Moment                 0.000001%
Fourth Lower Partial Moment           0.000001%
Skew                                    -16.88%
Kurtosis                                897.16%
Sharpe Ratio                              0.085
Annualized Sharpe Ratio                    1.35
Sortino Ratio                              0.12
Annualized Sortino Ratio                   1.91
Mean Absolute Deviation Ratio              0.13
First Lower Partial Moment Ratio           0.25
Value at Risk Ratio at 95%                0.059
CVaR Ratio at 95%                         0.038
Entropic Risk Measure Ratio at 95%      0.00017
EVaR Ratio at 95%                         0.021
Worst Realization Ratio                   0.012
Drawdown at Risk Ratio at 95%            0.0073
CDaR Ratio at 95%                        0.0065
Calmar Ratio                             0.0049
Average Drawdown Ratio                    0.021
EDaR Ratio at 95%                        0.0059
Ulcer Index Ratio                         0.015
Gini Mean Difference Ratio                0.083
Avg nb of Assets per Portfolio              5.1
Number of Portfolios                         13
Number of Failed Portfolios                   0
Number of Fallback Portfolios                 0
dtype: str

========================================================================
[2026-09-14 03:00:16] OOS PSR Diagnose
========================================================================
{'prob_loss': np.float64(0.0), 'psr_median': np.float64(1.0), 'psr_5': np.float64(1.0), 'sr_obs': np.float64(0.9615855859815492), 'T_total': 1638}

========================================================================
[2026-09-14 03:01:21] OOS vs 沪深300 相对收益分布
========================================================================
      ann_excess  arith_excess      IR  winrate
5%        0.0225        0.0116  0.0726   0.5134
50%       0.0539        0.0447  0.2850   0.5256
95%       0.0848        0.0774  0.4982   0.5367
mean      0.0540        0.0449  0.2865   0.5253
